Component: ARM Compiler 5.06 update 6 (build 750) Tool: armlink [4d35ed]

==============================================================================

Section Cross References

    startup_stm32f407xx.o(RESET) refers to startup_stm32f407xx.o(STACK) for __initial_sp
    startup_stm32f407xx.o(RESET) refers to startup_stm32f407xx.o(.text) for Reset_Handler
    startup_stm32f407xx.o(RESET) refers to stm32f4xx_it.o(i.NMI_Handler) for NMI_Handler
    startup_stm32f407xx.o(RESET) refers to stm32f4xx_it.o(i.HardFault_Handler) for HardFault_Handler
    startup_stm32f407xx.o(RESET) refers to stm32f4xx_it.o(i.MemManage_Handler) for MemManage_Handler
    startup_stm32f407xx.o(RESET) refers to stm32f4xx_it.o(i.BusFault_Handler) for BusFault_Handler
    startup_stm32f407xx.o(RESET) refers to stm32f4xx_it.o(i.UsageFault_Handler) for UsageFault_Handler
    startup_stm32f407xx.o(RESET) refers to stm32f4xx_it.o(i.SVC_Handler) for SVC_Handler
    startup_stm32f407xx.o(RESET) refers to stm32f4xx_it.o(i.DebugMon_Handler) for DebugMon_Handler
    startup_stm32f407xx.o(RESET) refers to stm32f4xx_it.o(i.PendSV_Handler) for PendSV_Handler
    startup_stm32f407xx.o(RESET) refers to stm32f4xx_it.o(i.SysTick_Handler) for SysTick_Handler
    startup_stm32f407xx.o(RESET) refers to stm32f4xx_it.o(i.TIM3_IRQHandler) for TIM3_IRQHandler
    startup_stm32f407xx.o(RESET) refers to stm32f4xx_it.o(i.TIM4_IRQHandler) for TIM4_IRQHandler
    startup_stm32f407xx.o(RESET) refers to stm32f4xx_it.o(i.USART1_IRQHandler) for USART1_IRQHandler
    startup_stm32f407xx.o(RESET) refers to stm32f4xx_it.o(i.DMA2_Stream0_IRQHandler) for DMA2_Stream0_IRQHandler
    startup_stm32f407xx.o(.text) refers to system_stm32f4xx.o(i.SystemInit) for SystemInit
    startup_stm32f407xx.o(.text) refers to entry.o(.ARM.Collect$$$$00000000) for __main
    arm_cos_f32.o(i.arm_cos_f32) refers to arm_common_tables.o(.constdata) for sinTable_f32
    arm_sin_f32.o(i.arm_sin_f32) refers to arm_common_tables.o(.constdata) for sinTable_f32
    main.o(i.SystemClock_Config) refers to memseta.o(.text) for __aeabi_memclr4
    main.o(i.SystemClock_Config) refers to stm32f4xx_hal_rcc.o(i.HAL_RCC_OscConfig) for HAL_RCC_OscConfig
    main.o(i.SystemClock_Config) refers to main.o(i.Error_Handler) for Error_Handler
    main.o(i.SystemClock_Config) refers to stm32f4xx_hal_rcc.o(i.HAL_RCC_ClockConfig) for HAL_RCC_ClockConfig
    main.o(i.main) refers to stm32f4xx_hal.o(i.HAL_Init) for HAL_Init
    main.o(i.main) refers to main.o(i.SystemClock_Config) for SystemClock_Config
    main.o(i.main) refers to gpio.o(i.MX_GPIO_Init) for MX_GPIO_Init
    main.o(i.main) refers to dma.o(i.MX_DMA_Init) for MX_DMA_Init
    main.o(i.main) refers to adc.o(i.MX_ADC1_Init) for MX_ADC1_Init
    main.o(i.main) refers to spi.o(i.MX_SPI1_Init) for MX_SPI1_Init
    main.o(i.main) refers to spi.o(i.MX_SPI2_Init) for MX_SPI2_Init
    main.o(i.main) refers to can.o(i.MX_CAN1_Init) for MX_CAN1_Init
    main.o(i.main) refers to tim.o(i.MX_TIM3_Init) for MX_TIM3_Init
    main.o(i.main) refers to tim.o(i.MX_TIM4_Init) for MX_TIM4_Init
    main.o(i.main) refers to usart.o(i.MX_USART1_UART_Init) for MX_USART1_UART_Init
    main.o(i.main) refers to appmain.o(i.APPMain_Init) for APPMain_Init
    main.o(i.main) refers to appmain.o(i.APPMain_Loop) for APPMain_Loop
    gpio.o(i.MX_GPIO_Init) refers to memseta.o(.text) for __aeabi_memclr4
    gpio.o(i.MX_GPIO_Init) refers to stm32f4xx_hal_gpio.o(i.HAL_GPIO_WritePin) for HAL_GPIO_WritePin
    gpio.o(i.MX_GPIO_Init) refers to stm32f4xx_hal_gpio.o(i.HAL_GPIO_Init) for HAL_GPIO_Init
    adc.o(i.HAL_ADC_MspDeInit) refers to stm32f4xx_hal_gpio.o(i.HAL_GPIO_DeInit) for HAL_GPIO_DeInit
    adc.o(i.HAL_ADC_MspDeInit) refers to stm32f4xx_hal_dma.o(i.HAL_DMA_DeInit) for HAL_DMA_DeInit
    adc.o(i.HAL_ADC_MspInit) refers to memseta.o(.text) for __aeabi_memclr4
    adc.o(i.HAL_ADC_MspInit) refers to stm32f4xx_hal_gpio.o(i.HAL_GPIO_Init) for HAL_GPIO_Init
    adc.o(i.HAL_ADC_MspInit) refers to stm32f4xx_hal_dma.o(i.HAL_DMA_Init) for HAL_DMA_Init
    adc.o(i.HAL_ADC_MspInit) refers to main.o(i.Error_Handler) for Error_Handler
    adc.o(i.HAL_ADC_MspInit) refers to adc.o(.bss) for hdma_adc1
    adc.o(i.MX_ADC1_Init) refers to stm32f4xx_hal_adc.o(i.HAL_ADC_Init) for HAL_ADC_Init
    adc.o(i.MX_ADC1_Init) refers to main.o(i.Error_Handler) for Error_Handler
    adc.o(i.MX_ADC1_Init) refers to stm32f4xx_hal_adc.o(i.HAL_ADC_ConfigChannel) for HAL_ADC_ConfigChannel
    adc.o(i.MX_ADC1_Init) refers to adc.o(.bss) for hadc1
    can.o(i.HAL_CAN_MspDeInit) refers to stm32f4xx_hal_gpio.o(i.HAL_GPIO_DeInit) for HAL_GPIO_DeInit
    can.o(i.HAL_CAN_MspInit) refers to memseta.o(.text) for __aeabi_memclr4
    can.o(i.HAL_CAN_MspInit) refers to stm32f4xx_hal_gpio.o(i.HAL_GPIO_Init) for HAL_GPIO_Init
    can.o(i.MX_CAN1_Init) refers to stm32f4xx_hal_can.o(i.HAL_CAN_Init) for HAL_CAN_Init
    can.o(i.MX_CAN1_Init) refers to main.o(i.Error_Handler) for Error_Handler
[...]
    .ARM.Collect$$$$00000000                 0x08000188   Section        0  entry.o(.ARM.Collect$$$$00000000)
    .ARM.Collect$$$$00000001                 0x08000188   Section        4  entry2.o(.ARM.Collect$$$$00000001)
    .ARM.Collect$$$$00000004                 0x0800018c   Section        4  entry5.o(.ARM.Collect$$$$00000004)
    .ARM.Collect$$$$00000008                 0x08000190   Section        0  entry7b.o(.ARM.Collect$$$$00000008)
    .ARM.Collect$$$$0000000A                 0x08000190   Section        0  entry8b.o(.ARM.Collect$$$$0000000A)
    .ARM.Collect$$$$0000000B                 0x08000190   Section        8  entry9a.o(.ARM.Collect$$$$0000000B)
    .ARM.Collect$$$$0000000D                 0x08000198   Section        0  entry10a.o(.ARM.Collect$$$$0000000D)
    .ARM.Collect$$$$0000000F                 0x08000198   Section        0  entry11a.o(.ARM.Collect$$$$0000000F)
    .ARM.Collect$$$$00002712                 0x08000198   Section        4  entry2.o(.ARM.Collect$$$$00002712)
    __lit__00000000                          0x08000198   Data           4  entry2.o(.ARM.Collect$$$$00002712)
    .text                                    0x0800019c   Section       36  startup_stm32f407xx.o(.text)
    $v0                                      0x0800019c   Number         0  startup_stm32f407xx.o(.text)
    .text                                    0x080001c0   Section        0  uldiv.o(.text)
    .text                                    0x08000222   Section        0  memseta.o(.text)
    .text                                    0x08000246   Section        0  f2d.o(.text)
    .text                                    0x0800026c   Section       48  cdcmple.o(.text)
    .text                                    0x0800029c   Section       48  cdrcmple.o(.text)
    .text                                    0x080002cc   Section        0  d2f.o(.text)
    .text                                    0x08000304   Section        0  llshl.o(.text)
    .text                                    0x08000322   Section        0  llushr.o(.text)
    .text                                    0x08000342   Section        0  iusefp.o(.text)
    .text                                    0x08000342   Section        0  fepilogue.o(.text)
    .text                                    0x080003b0   Section       36  init.o(.text)
    .text                                    0x080003d4   Section        0  __dczerorl2.o(.text)
    i.ADC1_Init                              0x0800042c   Section        0  adc1.o(i.ADC1_Init)
    i.ADC_DMAConvCplt                        0x08000444   Section        0  stm32f4xx_hal_adc.o(i.ADC_DMAConvCplt)
    ADC_DMAConvCplt                          0x08000445   Thumb Code   126  stm32f4xx_hal_adc.o(i.ADC_DMAConvCplt)
    i.ADC_DMAError                           0x080004c2   Section        0  stm32f4xx_hal_adc.o(i.ADC_DMAError)
    ADC_DMAError                             0x080004c3   Thumb Code    26  stm32f4xx_hal_adc.o(i.ADC_DMAError)
    i.ADC_DMAHalfConvCplt                    0x080004dc   Section        0  stm32f4xx_hal_adc.o(i.ADC_DMAHalfConvCplt)
    ADC_DMAHalfConvCplt                      0x080004dd   Thumb Code    14  stm32f4xx_hal_adc.o(i.ADC_DMAHalfConvCplt)
    i.ADC_Init                               0x080004ec   Section        0  stm32f4xx_hal_adc.o(i.ADC_Init)
    ADC_Init                                 0x080004ed   Thumb Code   344  stm32f4xx_hal_adc.o(i.ADC_Init)
    i.APPMain_Init                           0x0800064c   Section        0  appmain.o(i.APPMain_Init)
    i.APPMain_Loop                           0x08000660   Section        0  appmain.o(i.APPMain_Loop)
    i.AngleCalibrationFunc_Init              0x08000674   Section        0  anglecalibrationfunc.o(i.AngleCalibrationFunc_Init)
    i.BusFault_Handler                       0x08000676   Section        0  stm32f4xx_it.o(i.BusFault_Handler)
    i.ClarkeTransform                        0x0800067c   Section        0  foc.o(i.ClarkeTransform)
    ClarkeTransform                          0x0800067d   Thumb Code    38  foc.o(i.ClarkeTransform)
    i.CurrentPIControlID                     0x080006a8   Section        0  foc.o(i.CurrentPIControlID)
    CurrentPIControlID                       0x080006a9   Thumb Code   346  foc.o(i.CurrentPIControlID)
    i.CurrentPIControlIQ                     0x08000802   Section        0  foc.o(i.CurrentPIControlIQ)
    CurrentPIControlIQ                       0x08000803   Thumb Code   350  foc.o(i.CurrentPIControlIQ)
    i.CurrentReconstruction                  0x08000960   Section        0  foc.o(i.CurrentReconstruction)
    CurrentReconstruction                    0x08000961   Thumb Code   202  foc.o(i.CurrentReconstruction)
    i.DMA2_Stream0_IRQHandler                0x08000a30   Section        0  stm32f4xx_it.o(i.DMA2_Stream0_IRQHandler)
    i.DMA_CalcBaseAndBitshift                0x08000a40   Section        0  stm32f4xx_hal_dma.o(i.DMA_CalcBaseAndBitshift)
    DMA_CalcBaseAndBitshift                  0x08000a41   Thumb Code    46  stm32f4xx_hal_dma.o(i.DMA_CalcBaseAndBitshift)
    i.DMA_CheckFifoParam                     0x08000a74   Section        0  stm32f4xx_hal_dma.o(i.DMA_CheckFifoParam)
    DMA_CheckFifoParam                       0x08000a75   Thumb Code   170  stm32f4xx_hal_dma.o(i.DMA_CheckFifoParam)
    i.DMA_SetConfig                          0x08000b1e   Section        0  stm32f4xx_hal_dma.o(i.DMA_SetConfig)
    DMA_SetConfig                            0x08000b1f   Thumb Code    44  stm32f4xx_hal_dma.o(i.DMA_SetConfig)
    i.DebugMon_Handler                       0x08000b4a   Section        0  stm32f4xx_it.o(i.DebugMon_Handler)
    i.Error_Handler                          0x08000b4c   Section        0  main.o(i.Error_Handler)
    i.FOCConfig_Init                         0x08000b50   Section        0  focconfig.o(i.FOCConfig_Init)
    i.FOCConfig_Loop                         0x08000bc8   Section        0  focconfig.o(i.FOCConfig_Loop)
    i.FOCCycle                               0x08000c60   Section        0  foc.o(i.FOCCycle)
    i.FocContorl                             0x08000ca8   Section        0  foc.o(i.FocContorl)
    FocContorl                               0x08000ca9   Thumb Code    86  foc.o(i.FocContorl)
    i.FunctionMain_Init                      0x08000d04   Section        0  functionmain.o(i.FunctionMain_Init)
    i.FunctionMain_Loop                      0x08000d0c   Section        0  functionmain.o(i.FunctionMain_Loop)
    i.GetADC1ChannelXValue                   0x08000d10   Section        0  adc1.o(i.GetADC1ChannelXValue)
    i.GetElectricalAngle                     0x08000d28   Section        0  foc.o(i.GetElectricalAngle)
    GetElectricalAngle                       0x08000d29   Thumb Code    46  foc.o(i.GetElectricalAngle)
    i.GetMotor1ADCValue                      0x08000d5c   Section        0  adc1.o(i.GetMotor1ADCValue)
    i.GetMotor1PreCurrent                    0x08000d84   Section        0  focconfig.o(i.GetMotor1PreCurrent)
    i.GetMotor1SVPWMSector                   0x08000dc4   Section        0  svpwmconfig.o(i.GetMotor1SVPWMSector)
    i.GetMotor2ADCValue                      0x08000dd4   Section        0  adc1.o(i.GetMotor2ADCValue)
    i.GetMotor2PreCurrent                    0x08000dfc   Section        0  focconfig.o(i.GetMotor2PreCurrent)
    i.GetMotor2SVPWMSector                   0x08000e3c   Section        0  svpwmconfig.o(i.GetMotor2SVPWMSector)
    i.GetSVPWMSector                         0x08000e4c   Section        0  svpwm.o(i.GetSVPWMSector)
    i.GetVectorDuration                      0x08000e54   Section        0  svpwm.o(i.GetVectorDuration)
    i.HAL_ADC_ConfigChannel                  0x080010e4   Section        0  stm32f4xx_hal_adc.o(i.HAL_ADC_ConfigChannel)
    i.HAL_ADC_ConvCpltCallback               0x08001270   Section        0  stm32f4xx_hal_adc.o(i.HAL_ADC_ConvCpltCallback)
    i.HAL_ADC_ConvHalfCpltCallback           0x08001272   Section        0  stm32f4xx_hal_adc.o(i.HAL_ADC_ConvHalfCpltCallback)
    i.HAL_ADC_ErrorCallback                  0x08001274   Section        0  stm32f4xx_hal_adc.o(i.HAL_ADC_ErrorCallback)
    i.HAL_ADC_Init                           0x08001278   Section        0  stm32f4xx_hal_adc.o(i.HAL_ADC_Init)
    i.HAL_ADC_MspInit                        0x080012e0   Section        0  adc.o(i.HAL_ADC_MspInit)
    i.HAL_ADC_Start_DMA                      0x080013a8   Section        0  stm32f4xx_hal_adc.o(i.HAL_ADC_Start_DMA)
    i.HAL_CAN_Init                           0x0800152c   Section        0  stm32f4xx_hal_can.o(i.HAL_CAN_Init)
    i.HAL_CAN_MspInit                        0x080016a0   Section        0  can.o(i.HAL_CAN_MspInit)
    i.HAL_DMA_Abort_IT                       0x08001728   Section        0  stm32f4xx_hal_dma.o(i.HAL_DMA_Abort_IT)
    i.HAL_DMA_IRQHandler                     0x08001750   Section        0  stm32f4xx_hal_dma.o(i.HAL_DMA_IRQHandler)
    i.HAL_DMA_Init                           0x08001990   Section        0  stm32f4xx_hal_dma.o(i.HAL_DMA_Init)
    i.HAL_DMA_Start_IT                       0x08001a7c   Section        0  stm32f4xx_hal_dma.o(i.HAL_DMA_Start_IT)
    i.HAL_GPIO_Init                          0x08001b10   Section        0  stm32f4xx_hal_gpio.o(i.HAL_GPIO_Init)
    i.HAL_GPIO_WritePin                      0x08001d10   Section        0  stm32f4xx_hal_gpio.o(i.HAL_GPIO_WritePin)
    i.HAL_GetTick                            0x08001d1c   Section        0  stm32f4xx_hal.o(i.HAL_GetTick)
    i.HAL_GetTickFreq                        0x08001d28   Section        0  stm32f4xx_hal.o(i.HAL_GetTickFreq)
    i.HAL_IncTick                            0x08001d34   Section        0  stm32f4xx_hal.o(i.HAL_IncTick)
    i.HAL_Init                               0x08001d4c   Section        0  stm32f4xx_hal.o(i.HAL_Init)
    i.HAL_InitTick                           0x08001d88   Section        0  stm32f4xx_hal.o(i.HAL_InitTick)
    i.HAL_MspInit                            0x08001dd4   Section        0  stm32f4xx_hal_msp.o(i.HAL_MspInit)
    i.HAL_NVIC_EnableIRQ                     0x08001e1c   Section        0  stm32f4xx_hal_cortex.o(i.HAL_NVIC_EnableIRQ)
    i.HAL_NVIC_SetPriority                   0x08001e3c   Section        0  stm32f4xx_hal_cortex.o(i.HAL_NVIC_SetPriority)
    i.HAL_NVIC_SetPriorityGrouping           0x08001eb8   Section        0  stm32f4xx_hal_cortex.o(i.HAL_NVIC_SetPriorityGrouping)
    i.HAL_RCC_ClockConfig                    0x08001ee0   Section        0  stm32f4xx_hal_rcc.o(i.HAL_RCC_ClockConfig)
    i.HAL_RCC_GetHCLKFreq                    0x08002064   Section        0  stm32f4xx_hal_rcc.o(i.HAL_RCC_GetHCLKFreq)
    i.HAL_RCC_GetPCLK1Freq                   0x08002070   Section        0  stm32f4xx_hal_rcc.o(i.HAL_RCC_GetPCLK1Freq)
    i.HAL_RCC_GetPCLK2Freq                   0x08002090   Section        0  stm32f4xx_hal_rcc.o(i.HAL_RCC_GetPCLK2Freq)
    i.HAL_RCC_GetSysClockFreq                0x080020b0   Section        0  stm32f4xx_hal_rcc.o(i.HAL_RCC_GetSysClockFreq)
    i.HAL_RCC_OscConfig                      0x08002160   Section        0  stm32f4xx_hal_rcc.o(i.HAL_RCC_OscConfig)
    i.HAL_SPI_Init                           0x080025e8   Section        0  stm32f4xx_hal_spi.o(i.HAL_SPI_Init)
    i.HAL_SPI_MspInit                        0x08002674   Section        0  spi.o(i.HAL_SPI_MspInit)
    i.HAL_SPI_Receive                        0x08002770   Section        0  stm32f4xx_hal_spi.o(i.HAL_SPI_Receive)
    i.HAL_SPI_Transmit                       0x080028d4   Section        0  stm32f4xx_hal_spi.o(i.HAL_SPI_Transmit)
    i.HAL_SPI_TransmitReceive                0x08002a76   Section        0  stm32f4xx_hal_spi.o(i.HAL_SPI_TransmitReceive)
    i.HAL_SYSTICK_Config                     0x08002ca0   Section        0  stm32f4xx_hal_cortex.o(i.HAL_SYSTICK_Config)
    i.HAL_TIMEx_BreakCallback                0x08002cd4   Section        0  stm32f4xx_hal_tim_ex.o(i.HAL_TIMEx_BreakCallback)
    i.HAL_TIMEx_CommutCallback               0x08002cd6   Section        0  stm32f4xx_hal_tim_ex.o(i.HAL_TIMEx_CommutCallback)
    i.HAL_TIMEx_MasterConfigSynchronization  0x08002cd8   Section        0  stm32f4xx_hal_tim_ex.o(i.HAL_TIMEx_MasterConfigSynchronization)
    i.HAL_TIM_Base_Start_IT                  0x08002d8c   Section        0  stm32f4xx_hal_tim.o(i.HAL_TIM_Base_Start_IT)
    i.HAL_TIM_IC_CaptureCallback             0x08002db6   Section        0  stm32f4xx_hal_tim.o(i.HAL_TIM_IC_CaptureCallback)
    i.HAL_TIM_IRQHandler                     0x08002db8   Section        0  stm32f4xx_hal_tim.o(i.HAL_TIM_IRQHandler)
    i.HAL_TIM_MspPostInit                    0x08002f50   Section        0  tim.o(i.HAL_TIM_MspPostInit)
    i.HAL_TIM_OC_DelayElapsedCallback        0x0800304c   Section        0  stm32f4xx_hal_tim.o(i.HAL_TIM_OC_DelayElapsedCallback)
    i.HAL_TIM_PWM_ConfigChannel              0x0800304e   Section        0  stm32f4xx_hal_tim.o(i.HAL_TIM_PWM_ConfigChannel)
    i.HAL_TIM_PWM_Init                       0x08003156   Section        0  stm32f4xx_hal_tim.o(i.HAL_TIM_PWM_Init)
    i.HAL_TIM_PWM_MspInit                    0x0800318c   Section        0  tim.o(i.HAL_TIM_PWM_MspInit)
    i.HAL_TIM_PWM_PulseFinishedCallback      0x08003210   Section        0  stm32f4xx_hal_tim.o(i.HAL_TIM_PWM_PulseFinishedCallback)
    i.HAL_TIM_PWM_Start                      0x08003214   Section        0  stm32f4xx_hal_tim.o(i.HAL_TIM_PWM_Start)
    i.HAL_TIM_PeriodElapsedCallback          0x0800326c   Section        0  stm32f4xx_it.o(i.HAL_TIM_PeriodElapsedCallback)
    i.HAL_TIM_TriggerCallback                0x08003290   Section        0  stm32f4xx_hal_tim.o(i.HAL_TIM_TriggerCallback)
    i.HAL_UART_ErrorCallback                 0x08003292   Section        0  stm32f4xx_hal_uart.o(i.HAL_UART_ErrorCallback)
    i.HAL_UART_IRQHandler                    0x08003294   Section        0  stm32f4xx_hal_uart.o(i.HAL_UART_IRQHandler)
    i.HAL_UART_Init                          0x080033e8   Section        0  stm32f4xx_hal_uart.o(i.HAL_UART_Init)
    i.HAL_UART_MspInit                       0x0800345c   Section        0  usart.o(i.HAL_UART_MspInit)
    i.HAL_UART_RxCpltCallback                0x080034f4   Section        0  stm32f4xx_hal_uart.o(i.HAL_UART_RxCpltCallback)
    i.HAL_UART_TxCpltCallback                0x080034f6   Section        0  stm32f4xx_hal_uart.o(i.HAL_UART_TxCpltCallback)
    i.HardFault_Handler                      0x080034f8   Section        0  stm32f4xx_it.o(i.HardFault_Handler)
    i.LEDConfigSetSysLedStatus               0x080034fc   Section        0  ledconfig.o(i.LEDConfigSetSysLedStatus)
    i.LEDConfig_Init                         0x08003520   Section        0  ledconfig.o(i.LEDConfig_Init)
    i.LEDConfig_Loop                         0x08003530   Section        0  ledconfig.o(i.LEDConfig_Loop)
    i.LEDRunCycle                            0x08003540   Section        0  ledcontrol.o(i.LEDRunCycle)
    i.LEDToggle                              0x08003590   Section        0  ledcontrol.o(i.LEDToggle)
    i.MCUDriverMain_Init                     0x080035a8   Section        0  mcudrivermain.o(i.MCUDriverMain_Init)
    i.MCUDriverMain_Loop                     0x080035b8   Section        0  mcudrivermain.o(i.MCUDriverMain_Loop)
    i.MX_ADC1_Init                           0x080035bc   Section        0  adc.o(i.MX_ADC1_Init)
    i.MX_CAN1_Init                           0x0800369c   Section        0  can.o(i.MX_CAN1_Init)
    i.MX_DMA_Init                            0x080036e0   Section        0  dma.o(i.MX_DMA_Init)
    i.MX_GPIO_Init                           0x08003718   Section        0  gpio.o(i.MX_GPIO_Init)
    i.MX_SPI1_Init                           0x08003830   Section        0  spi.o(i.MX_SPI1_Init)
    i.MX_SPI2_Init                           0x0800387c   Section        0  spi.o(i.MX_SPI2_Init)
    i.MX_TIM3_Init                           0x080038c8   Section        0  tim.o(i.MX_TIM3_Init)
    i.MX_TIM4_Init                           0x08003968   Section        0  tim.o(i.MX_TIM4_Init)
    i.MX_USART1_UART_Init                    0x08003a08   Section        0  usart.o(i.MX_USART1_UART_Init)
    i.MemManage_Handler                      0x08003a40   Section        0  stm32f4xx_it.o(i.MemManage_Handler)
    i.Motor1SvpwmGenerate                    0x08003a44   Section        0  svpwmconfig.o(i.Motor1SvpwmGenerate)
    i.Motor2SvpwmGenerate                    0x08003a6c   Section        0  svpwmconfig.o(i.Motor2SvpwmGenerate)
    i.NMI_Handler                            0x08003a94   Section        0  stm32f4xx_it.o(i.NMI_Handler)
    i.ParkAntiTransform                      0x08003a96   Section        0  foc.o(i.ParkAntiTransform)
    ParkAntiTransform                        0x08003a97   Thumb Code   102  foc.o(i.ParkAntiTransform)
    i.ParkTransform                          0x08003afc   Section        0  foc.o(i.ParkTransform)
    ParkTransform                            0x08003afd   Thumb Code   106  foc.o(i.ParkTransform)
    i.PendSV_Handler                         0x08003b66   Section        0  stm32f4xx_it.o(i.PendSV_Handler)
    i.PerDriverMain_Init                     0x08003b68   Section        0  perdrivermain.o(i.PerDriverMain_Init)
    i.PerDriverMain_Loop                     0x08003b74   Section        0  perdrivermain.o(i.PerDriverMain_Loop)
    i.ProtocolMain_Init                      0x08003b80   Section        0  protocolmain.o(i.ProtocolMain_Init)
    i.ProtocolMain_Loop                      0x08003b82   Section        0  protocolmain.o(i.ProtocolMain_Loop)
    i.ReadMotor1Angel                        0x08003b84   Section        0  tle5012bconfig.o(i.ReadMotor1Angel)
    i.ReadMotor2Angel                        0x08003b94   Section        0  tle5012bconfig.o(i.ReadMotor2Angel)
    i.ReadSPI1Data                           0x08003ba4   Section        0  spi1.o(i.ReadSPI1Data)
    i.ReadSPI2Data                           0x08003bc0   Section        0  spi2.o(i.ReadSPI2Data)
    i.ReadTLE5012BAngle                      0x08003bdc   Section        0  tle5012b.o(i.ReadTLE5012BAngle)
    i.SPI_EndRxTransaction                   0x08003c64   Section        0  stm32f4xx_hal_spi.o(i.SPI_EndRxTransaction)
    SPI_EndRxTransaction                     0x08003c65   Thumb Code   148  stm32f4xx_hal_spi.o(i.SPI_EndRxTransaction)
    i.SPI_EndRxTxTransaction                 0x08003cf8   Section        0  stm32f4xx_hal_spi.o(i.SPI_EndRxTxTransaction)
    SPI_EndRxTxTransaction                   0x08003cf9   Thumb Code   100  stm32f4xx_hal_spi.o(i.SPI_EndRxTxTransaction)
    i.SPI_WaitFlagStateUntilTimeout          0x08003d64   Section        0  stm32f4xx_hal_spi.o(i.SPI_WaitFlagStateUntilTimeout)
    SPI_WaitFlagStateUntilTimeout            0x08003d65   Thumb Code   168  stm32f4xx_hal_spi.o(i.SPI_WaitFlagStateUntilTimeout)
    i.SVC_Handler                            0x08003e0c   Section        0  stm32f4xx_it.o(i.SVC_Handler)
    i.SetCurrentPIDParams                    0x08003e0e   Section        0  foc.o(i.SetCurrentPIDParams)
    i.SetCurrentPIDTar                       0x08003e30   Section        0  foc.o(i.SetCurrentPIDTar)
    i.SetFocEnable                           0x08003e3a   Section        0  foc.o(i.SetFocEnable)
    i.SetLEDFlashing                         0x08003e3e   Section        0  ledcontrol.o(i.SetLEDFlashing)
    i.SetLEDOFF                              0x08003e48   Section        0  ledcontrol.o(i.SetLEDOFF)
    i.SetLEDON                               0x08003e62   Section        0  ledcontrol.o(i.SetLEDON)
    i.SetLedLeave                            0x08003e74   Section        0  ledgpio.o(i.SetLedLeave)
    i.SetLedStatus                           0x08003e88   Section        0  ledcontrol.o(i.SetLedStatus)
    i.SetMotor1Enable                        0x08003ec8   Section        0  motorgpio.o(i.SetMotor1Enable)
    i.SetMotor2Enable                        0x08003ee0   Section        0  motorgpio.o(i.SetMotor2Enable)
    i.SetSPI1CS1                             0x08003ef4   Section        0  spi1.o(i.SetSPI1CS1)
    i.SetSPI2CS1                             0x08003f0c   Section        0  spi2.o(i.SetSPI2CS1)
    i.SetTIM3Channel1HighLeaveTime_us        0x08003f20   Section        0  tim3.o(i.SetTIM3Channel1HighLeaveTime_us)
    i.SetTIM3Channel2HighLeaveTime_us        0x08003f78   Section        0  tim3.o(i.SetTIM3Channel2HighLeaveTime_us)
    i.SetTIM3Channel3HighLeaveTime_us        0x08003fd0   Section        0  tim3.o(i.SetTIM3Channel3HighLeaveTime_us)
    i.SetTIM4Channel1HighLeaveTime_us        0x08004028   Section        0  tim4.o(i.SetTIM4Channel1HighLeaveTime_us)
    i.SetTIM4Channel2HighLeaveTime_us        0x08004080   Section        0  tim4.o(i.SetTIM4Channel2HighLeaveTime_us)
    i.SetTIM4Channel3HighLeaveTime_us        0x080040d8   Section        0  tim4.o(i.SetTIM4Channel3HighLeaveTime_us)
    i.SvpwmContorol                          0x08004130   Section        0  svpwm.o(i.SvpwmContorol)
    i.SvpwmGenerate                          0x08004160   Section        0  svpwm.o(i.SvpwmGenerate)
    i.SvpwmSectorJudgment                    0x08004280   Section        0  svpwm.o(i.SvpwmSectorJudgment)
    i.SysTick_Handler                        0x08004358   Section        0  stm32f4xx_it.o(i.SysTick_Handler)
    i.SystemClock_Config                     0x0800438c   Section        0  main.o(i.SystemClock_Config)
    i.SystemInit                             0x08004440   Section        0  system_stm32f4xx.o(i.SystemInit)
    i.TIM3_IRQHandler                        0x0800445c   Section        0  stm32f4xx_it.o(i.TIM3_IRQHandler)
    i.TIM3_Init                              0x0800446c   Section        0  tim3.o(i.TIM3_Init)
    i.TIM4_IRQHandler                        0x080044bc   Section        0  stm32f4xx_it.o(i.TIM4_IRQHandler)
    i.TIM4_Init                              0x080044cc   Section        0  tim4.o(i.TIM4_Init)
    i.TIM_Base_SetConfig                     0x0800451c   Section        0  stm32f4xx_hal_tim.o(i.TIM_Base_SetConfig)
    i.TIM_CCxChannelCmd                      0x080045f4   Section        0  stm32f4xx_hal_tim.o(i.TIM_CCxChannelCmd)
    i.TIM_OC1_SetConfig                      0x08004618   Section        0  stm32f4xx_hal_tim.o(i.TIM_OC1_SetConfig)
    TIM_OC1_SetConfig                        0x08004619   Thumb Code   104  stm32f4xx_hal_tim.o(i.TIM_OC1_SetConfig)
    i.TIM_OC2_SetConfig                      0x08004688   Section        0  stm32f4xx_hal_tim.o(i.TIM_OC2_SetConfig)
    i.TIM_OC3_SetConfig                      0x08004704   Section        0  stm32f4xx_hal_tim.o(i.TIM_OC3_SetConfig)
    TIM_OC3_SetConfig                        0x08004705   Thumb Code   112  stm32f4xx_hal_tim.o(i.TIM_OC3_SetConfig)
    i.TIM_OC4_SetConfig                      0x0800477c   Section        0  stm32f4xx_hal_tim.o(i.TIM_OC4_SetConfig)
    TIM_OC4_SetConfig                        0x0800477d   Thumb Code    74  stm32f4xx_hal_tim.o(i.TIM_OC4_SetConfig)
    i.UART_DMAAbortOnError                   0x080047d0   Section        0  stm32f4xx_hal_uart.o(i.UART_DMAAbortOnError)
    UART_DMAAbortOnError                     0x080047d1   Thumb Code    20  stm32f4xx_hal_uart.o(i.UART_DMAAbortOnError)
    i.UART_EndRxTransfer                     0x080047e4   Section        0  stm32f4xx_hal_uart.o(i.UART_EndRxTransfer)
    UART_EndRxTransfer                       0x080047e5   Thumb Code    32  stm32f4xx_hal_uart.o(i.UART_EndRxTransfer)
    i.UART_EndTransmit_IT                    0x08004804   Section        0  stm32f4xx_hal_uart.o(i.UART_EndTransmit_IT)
    UART_EndTransmit_IT                      0x08004805   Thumb Code    32  stm32f4xx_hal_uart.o(i.UART_EndTransmit_IT)
    i.UART_Receive_IT                        0x08004824   Section        0  stm32f4xx_hal_uart.o(i.UART_Receive_IT)
    UART_Receive_IT                          0x08004825   Thumb Code   166  stm32f4xx_hal_uart.o(i.UART_Receive_IT)
    i.UART_SetConfig                         0x080048cc   Section        0  stm32f4xx_hal_uart.o(i.UART_SetConfig)
    UART_SetConfig                           0x080048cd   Thumb Code   992  stm32f4xx_hal_uart.o(i.UART_SetConfig)
    i.UART_Transmit_IT                       0x08004cb4   Section        0  stm32f4xx_hal_uart.o(i.UART_Transmit_IT)
    UART_Transmit_IT                         0x08004cb5   Thumb Code   104  stm32f4xx_hal_uart.o(i.UART_Transmit_IT)
    i.USART1_IRQHandler                      0x08004d1c   Section        0  stm32f4xx_it.o(i.USART1_IRQHandler)
    i.UsageFault_Handler                     0x08004d2c   Section        0  stm32f4xx_it.o(i.UsageFault_Handler)
    i.WriteSPI1Data                          0x08004d30   Section        0  spi1.o(i.WriteSPI1Data)
    i.WriteSPI2Data                          0x08004d48   Section        0  spi2.o(i.WriteSPI2Data)
    i.__NVIC_GetPriorityGrouping             0x08004d60   Section        0  stm32f4xx_hal_cortex.o(i.__NVIC_GetPriorityGrouping)
    __NVIC_GetPriorityGrouping               0x08004d61   Thumb Code    10  stm32f4xx_hal_cortex.o(i.__NVIC_GetPriorityGrouping)
    i.__NVIC_SetPriority                     0x08004d70   Section        0  stm32f4xx_hal_cortex.o(i.__NVIC_SetPriority)
    __NVIC_SetPriority                       0x08004d71   Thumb Code    32  stm32f4xx_hal_cortex.o(i.__NVIC_SetPriority)
    i.__hardfp_fabs                          0x08004d98   Section        0  fabs.o(i.__hardfp_fabs)
    i.__scatterload_copy                     0x08004dac   Section       14  handlers.o(i.__scatterload_copy)
    i.__scatterload_null                     0x08004dba   Section        2  handlers.o(i.__scatterload_null)
    i.__scatterload_zeroinit                 0x08004dbc   Section       14  handlers.o(i.__scatterload_zeroinit)
    i.arm_cos_f32                            0x08004dcc   Section        0  arm_cos_f32.o(i.arm_cos_f32)
    i.arm_sin_f32                            0x08004e5c   Section        0  arm_sin_f32.o(i.arm_sin_f32)
    i.main                                   0x08004f0c   Section        0  main.o(i.main)
    i.rt_hw_us_delay                         0x08004f44   Section        0  timer.o(i.rt_hw_us_delay)
    .constdata                               0x08004f78   Section        8  stm32f4xx_hal_dma.o(.constdata)
    flagBitshiftOffset                       0x08004f78   Data           8  stm32f4xx_hal_dma.o(.constdata)
    .constdata                               0x08004f80   Section       24  system_stm32f4xx.o(.constdata)
    .constdata                               0x08004f98   Section     2052  arm_common_tables.o(.constdata)
    .data                                    0x20000000   Section        9  stm32f4xx_hal.o(.data)
    .data                                    0x2000000c   Section        4  system_stm32f4xx.o(.data)
    .data                                    0x20000010   Section        4  timer.o(.data)
    .data                                    0x20000014   Section      320  focconfig.o(.data)
    last_exec_ms                             0x2000014c   Data           4  focconfig.o(.data)
    last_exec_ms                             0x20000150   Data           4  focconfig.o(.data)
    .data                                    0x20000154   Section       20  ledconfig.o(.data)
    .data                                    0x20000168   Section      176  svpwmconfig.o(.data)
    angle                                    0x20000208   Data           4  svpwmconfig.o(.data)
    angle                                    0x2000020c   Data           4  svpwmconfig.o(.data)
    angle                                    0x20000210   Data           4  svpwmconfig.o(.data)
    angle                                    0x20000214   Data           4  svpwmconfig.o(.data)
    .data                                    0x20000218   Section       40  tle5012bconfig.o(.data)
    .data                                    0x20000240   Section        4  foc.o(.data)
    .data                                    0x20000244   Section        4  ledcontrol.o(.data)
    .bss                                     0x20000248   Section      168  adc.o(.bss)
    .bss                                     0x200002f0   Section       40  can.o(.bss)
    .bss                                     0x20000318   Section      176  spi.o(.bss)
    .bss                                     0x200003c8   Section      128  tim.o(.bss)
    .bss                                     0x20000448   Section       64  usart.o(.bss)
    .bss                                     0x20000488   Section       48  adc1.o(.bss)
    STACK                                    0x200004b8   Section     1024  startup_stm32f407xx.o(STACK)

    Global Symbols

    Symbol Name                              Value     Ov Type        Size  Object(Section)

    BuildAttributes$$THM_ISAv4$E$P$D$K$B$S$7EM$VFPi3$EXTD16$VFPS$VFMA$PE$A:L22UL41UL21$X:L11$S22US41US21$IEEE1$IW$USESV6$~STKCKD$USESV7$~SHL$OTIME$ROPI$IEEEX$EBA8$MICROLIB$REQ8$PRES8$EABIv2 0x00000000   Number         0  anon$$obj.o ABSOLUTE
    __ARM_use_no_argv                        0x00000000   Number         0  main.o ABSOLUTE
    __cpp_initialize__aeabi_                  - Undefined Weak Reference
    __cxa_finalize                            - Undefined Weak Reference
    _clock_init                               - Undefined Weak Reference
    _microlib_exit                            - Undefined Weak Reference
    __Vectors_Size                           0x00000188   Number         0  startup_stm32f407xx.o ABSOLUTE
    __Vectors                                0x08000000   Data           4  startup_stm32f407xx.o(RESET)
    __Vectors_End                            0x08000188   Data           0  startup_stm32f407xx.o(RESET)
    __main                                   0x08000189   Thumb Code     0  entry.o(.ARM.Collect$$$$00000000)
    _main_stk                                0x08000189   Thumb Code     0  entry2.o(.ARM.Collect$$$$00000001)
    _main_scatterload                        0x0800018d   Thumb Code     0  entry5.o(.ARM.Collect$$$$00000004)
    __main_after_scatterload                 0x08000191   Thumb Code     0  entry5.o(.ARM.Collect$$$$00000004)
    _main_clock                              0x08000191   Thumb Code     0  entry7b.o(.ARM.Collect$$$$00000008)
    _main_cpp_init                           0x08000191   Thumb Code     0  entry8b.o(.ARM.Collect$$$$0000000A)
    _main_init                               0x08000191   Thumb Code     0  entry9a.o(.ARM.Collect$$$$0000000B)
    __rt_final_cpp                           0x08000199   Thumb Code     0  entry10a.o(.ARM.Collect$$$$0000000D)
    __rt_final_exit                          0x08000199   Thumb Code     0  entry11a.o(.ARM.Collect$$$$0000000F)
    Reset_Handler                            0x0800019d   Thumb Code     8  startup_stm32f407xx.o(.text)
    ADC_IRQHandler                           0x080001b7   Thumb Code     0  startup_stm32f407xx.o(.text)
    CAN1_RX0_IRQHandler                      0x080001b7   Thumb Code     0  startup_stm32f407xx.o(.text)
    CAN1_RX1_IRQHandler                      0x080001b7   Thumb Code     0  startup_stm32f407xx.o(.text)
    CAN1_SCE_IRQHandler                      0x080001b7   Thumb Code     0  startup_stm32f407xx.o(.text)
    CAN1_TX_IRQHandler                       0x080001b7   Thumb Code     0  startup_stm32f407xx.o(.text)
    CAN2_RX0_IRQHandler                      0x080001b7   Thumb Code     0  startup_stm32f407xx.o(.text)
    CAN2_RX1_IRQHandler                      0x080001b7   Thumb Code     0  startup_stm32f407xx.o(.text)
    CAN2_SCE_IRQHandler                      0x080001b7   Thumb Code     0  startup_stm32f407xx.o(.text)
    CAN2_TX_IRQHandler                       0x080001b7   Thumb Code     0  startup_stm32f407xx.o(.text)
    DCMI_IRQHandler                          0x080001b7   Thumb Code     0  startup_stm32f407xx.o(.text)
    DMA1_Stream0_IRQHandler                  0x080001b7   Thumb Code     0  startup_stm32f407xx.o(.text)
    DMA1_Stream1_IRQHandler                  0x080001b7   Thumb Code     0  startup_stm32f407xx.o(.text)
    DMA1_Stream2_IRQHandler                  0x080001b7   Thumb Code     0  startup_stm32f407xx.o(.text)
    DMA1_Stream3_IRQHandler                  0x080001b7   Thumb Code     0  startup_stm32f407xx.o(.text)
    DMA1_Stream4_IRQHandler                  0x080001b7   Thumb Code     0  startup_stm32f407xx.o(.text)
    DMA1_Stream5_IRQHandler                  0x080001b7   Thumb Code     0  startup_stm32f407xx.o(.text)
    DMA1_Stream6_IRQHandler                  0x080001b7   Thumb Code     0  startup_stm32f407xx.o(.text)
    DMA1_Stream7_IRQHandler                  0x080001b7   Thumb Code     0  startup_stm32f407xx.o(.text)
    DMA2_Stream1_IRQHandler                  0x080001b7   Thumb Code     0  startup_stm32f407xx.o(.text)
    DMA2_Stream2_IRQHandler                  0x080001b7   Thumb Code     0  startup_stm32f407xx.o(.text)
    DMA2_Stream3_IRQHandler                  0x080001b7   Thumb Code     0  startup_stm32f407xx.o(.text)
    DMA2_Stream4_IRQHandler                  0x080001b7   Thumb Code     0  startup_stm32f407xx.o(.text)
    DMA2_Stream5_IRQHandler                  0x080001b7   Thumb Code     0  startup_stm32f407xx.o(.text)
    DMA2_Stream6_IRQHandler                  0x080001b7   Thumb Code     0  startup_stm32f407xx.o(.text)
    DMA2_Stream7_IRQHandler                  0x080001b7   Thumb Code     0  startup_stm32f407xx.o(.text)
    ETH_IRQHandler                           0x080001b7   Thumb Code     0  startup_stm32f407xx.o(.text)
    ETH_WKUP_IRQHandler                      0x080001b7   Thumb Code     0  startup_stm32f407xx.o(.text)
    EXTI0_IRQHandler                         0x080001b7   Thumb Code     0  startup_stm32f407xx.o(.text)
    EXTI15_10_IRQHandler                     0x080001b7   Thumb Code     0  startup_stm32f407xx.o(.text)
    EXTI1_IRQHandler                         0x080001b7   Thumb Code     0  startup_stm32f407xx.o(.text)
    EXTI2_IRQHandler                         0x080001b7   Thumb Code     0  startup_stm32f407xx.o(.text)
    EXTI3_IRQHandler                         0x080001b7   Thumb Code     0  startup_stm32f407xx.o(.text)
    EXTI4_IRQHandler                         0x080001b7   Thumb Code     0  startup_stm32f407xx.o(.text)
    EXTI9_5_IRQHandler                       0x080001b7   Thumb Code     0  startup_stm32f407xx.o(.text)
    FLASH_IRQHandler                         0x080001b7   Thumb Code     0  startup_stm32f407xx.o(.text)
    FMC_IRQHandler                           0x080001b7   Thumb Code     0  startup_stm32f407xx.o(.text)
    FPU_IRQHandler                           0x080001b7   Thumb Code     0  startup_stm32f407xx.o(.text)
    HASH_RNG_IRQHandler                      0x080001b7   Thumb Code     0  startup_stm32f407xx.o(.text)
    I2C1_ER_IRQHandler                       0x080001b7   Thumb Code     0  startup_stm32f407xx.o(.text)
    I2C1_EV_IRQHandler                       0x080001b7   Thumb Code     0  startup_stm32f407xx.o(.text)
    I2C2_ER_IRQHandler                       0x080001b7   Thumb Code     0  startup_stm32f407xx.o(.text)
    I2C2_EV_IRQHandler                       0x080001b7   Thumb Code     0  startup_stm32f407xx.o(.text)
    I2C3_ER_IRQHandler                       0x080001b7   Thumb Code     0  startup_stm32f407xx.o(.text)
    I2C3_EV_IRQHandler                       0x080001b7   Thumb Code     0  startup_stm32f407xx.o(.text)
    OTG_FS_IRQHandler                        0x080001b7   Thumb Code     0  startup_stm32f407xx.o(.text)
    OTG_FS_WKUP_IRQHandler                   0x080001b7   Thumb Code     0  startup_stm32f407xx.o(.text)
    OTG_HS_EP1_IN_IRQHandler                 0x080001b7   Thumb Code     0  startup_stm32f407xx.o(.text)
    OTG_HS_EP1_OUT_IRQHandler                0x080001b7   Thumb Code     0  startup_stm32f407xx.o(.text)
    OTG_HS_IRQHandler                        0x080001b7   Thumb Code     0  startup_stm32f407xx.o(.text)
    OTG_HS_WKUP_IRQHandler                   0x080001b7   Thumb Code     0  startup_stm32f407xx.o(.text)
    PVD_IRQHandler                           0x080001b7   Thumb Code     0  startup_stm32f407xx.o(.text)
    RCC_IRQHandler                           0x080001b7   Thumb Code     0  startup_stm32f407xx.o(.text)
    RTC_Alarm_IRQHandler                     0x080001b7   Thumb Code     0  startup_stm32f407xx.o(.text)
    RTC_WKUP_IRQHandler                      0x080001b7   Thumb Code     0  startup_stm32f407xx.o(.text)
    SDIO_IRQHandler                          0x080001b7   Thumb Code     0  startup_stm32f407xx.o(.text)
    SPI1_IRQHandler                          0x080001b7   Thumb Code     0  startup_stm32f407xx.o(.text)
    SPI2_IRQHandler                          0x080001b7   Thumb Code     0  startup_stm32f407xx.o(.text)
    SPI3_IRQHandler                          0x080001b7   Thumb Code     0  startup_stm32f407xx.o(.text)
    TAMP_STAMP_IRQHandler                    0x080001b7   Thumb Code     0  startup_stm32f407xx.o(.text)
    TIM1_BRK_TIM9_IRQHandler                 0x080001b7   Thumb Code     0  startup_stm32f407xx.o(.text)
    TIM1_CC_IRQHandler                       0x080001b7   Thumb Code     0  startup_stm32f407xx.o(.text)
    TIM1_TRG_COM_TIM11_IRQHandler            0x080001b7   Thumb Code     0  startup_stm32f407xx.o(.text)
    TIM1_UP_TIM10_IRQHandler                 0x080001b7   Thumb Code     0  startup_stm32f407xx.o(.text)
    TIM2_IRQHandler                          0x080001b7   Thumb Code     0  startup_stm32f407xx.o(.text)
    TIM5_IRQHandler                          0x080001b7   Thumb Code     0  startup_stm32f407xx.o(.text)
    TIM6_DAC_IRQHandler                      0x080001b7   Thumb Code     0  startup_stm32f407xx.o(.text)
    TIM7_IRQHandler                          0x080001b7   Thumb Code     0  startup_stm32f407xx.o(.text)
    TIM8_BRK_TIM12_IRQHandler                0x080001b7   Thumb Code     0  startup_stm32f407xx.o(.text)
    TIM8_CC_IRQHandler                       0x080001b7   Thumb Code     0  startup_stm32f407xx.o(.text)
    TIM8_TRG_COM_TIM14_IRQHandler            0x080001b7   Thumb Code     0  startup_stm32f407xx.o(.text)
    TIM8_UP_TIM13_IRQHandler                 0x080001b7   Thumb Code     0  startup_stm32f407xx.o(.text)
    UART4_IRQHandler                         0x080001b7   Thumb Code     0  startup_stm32f407xx.o(.text)
    UART5_IRQHandler                         0x080001b7   Thumb Code     0  startup_stm32f407xx.o(.text)
    USART2_IRQHandler                        0x080001b7   Thumb Code     0  startup_stm32f407xx.o(.text)
    USART3_IRQHandler                        0x080001b7   Thumb Code     0  startup_stm32f407xx.o(.text)
    USART6_IRQHandler                        0x080001b7   Thumb Code     0  startup_stm32f407xx.o(.text)
    WWDG_IRQHandler                          0x080001b7   Thumb Code     0  startup_stm32f407xx.o(.text)
    __aeabi_uldivmod                         0x080001c1   Thumb Code    98  uldiv.o(.text)
    __aeabi_memset                           0x08000223   Thumb Code    14  memseta.o(.text)
    __aeabi_memset4                          0x08000223   Thumb Code     0  memseta.o(.text)
    __aeabi_memset8                          0x08000223   Thumb Code     0  memseta.o(.text)
    __aeabi_memclr                           0x08000231   Thumb Code     4  memseta.o(.text)
    __aeabi_memclr4                          0x08000231   Thumb Code     0  memseta.o(.text)
    __aeabi_memclr8                          0x08000231   Thumb Code     0  memseta.o(.text)
    _memset$wrapper                          0x08000235   Thumb Code    18  memseta.o(.text)
    __aeabi_f2d                              0x08000247   Thumb Code    38  f2d.o(.text)
    __aeabi_cdcmpeq                          0x0800026d   Thumb Code     0  cdcmple.o(.text)
    __aeabi_cdcmple                          0x0800026d   Thumb Code    48  cdcmple.o(.text)
    __aeabi_cdrcmple                         0x0800029d   Thumb Code    48  cdrcmple.o(.text)
    __aeabi_d2f                              0x080002cd   Thumb Code    56  d2f.o(.text)
    __aeabi_llsl                             0x08000305   Thumb Code    30  llshl.o(.text)
    _ll_shift_l                              0x08000305   Thumb Code     0  llshl.o(.text)
    __aeabi_llsr                             0x08000323   Thumb Code    32  llushr.o(.text)
    _ll_ushift_r                             0x08000323   Thumb Code     0  llushr.o(.text)
    __I$use$fp                               0x08000343   Thumb Code     0  iusefp.o(.text)
    _float_round                             0x08000343   Thumb Code    18  fepilogue.o(.text)
    _float_epilogue                          0x08000355   Thumb Code    92  fepilogue.o(.text)
    __scatterload                            0x080003b1   Thumb Code    28  init.o(.text)
    __scatterload_rt2                        0x080003b1   Thumb Code     0  init.o(.text)
    __decompress                             0x080003d5   Thumb Code     0  __dczerorl2.o(.text)
    __decompress1                            0x080003d5   Thumb Code    86  __dczerorl2.o(.text)
    ADC1_Init                                0x0800042d   Thumb Code    14  adc1.o(i.ADC1_Init)
    APPMain_Init                             0x0800064d   Thumb Code    20  appmain.o(i.APPMain_Init)
    APPMain_Loop                             0x08000661   Thumb Code    20  appmain.o(i.APPMain_Loop)
    AngleCalibrationFunc_Init                0x08000675   Thumb Code     2  anglecalibrationfunc.o(i.AngleCalibrationFunc_Init)
    BusFault_Handler                         0x08000677   Thumb Code     4  stm32f4xx_it.o(i.BusFault_Handler)
    DMA2_Stream0_IRQHandler                  0x08000a31   Thumb Code    10  stm32f4xx_it.o(i.DMA2_Stream0_IRQHandler)
    DebugMon_Handler                         0x08000b4b   Thumb Code     2  stm32f4xx_it.o(i.DebugMon_Handler)
    Error_Handler                            0x08000b4d   Thumb Code     2  main.o(i.Error_Handler)
    FOCConfig_Init                           0x08000b51   Thumb Code    92  focconfig.o(i.FOCConfig_Init)
    FOCConfig_Loop                           0x08000bc9   Thumb Code   112  focconfig.o(i.FOCConfig_Loop)
    FOCCycle                                 0x08000c61   Thumb Code    64  foc.o(i.FOCCycle)
    FunctionMain_Init                        0x08000d05   Thumb Code     8  functionmain.o(i.FunctionMain_Init)
    FunctionMain_Loop                        0x08000d0d   Thumb Code     2  functionmain.o(i.FunctionMain_Loop)
    GetADC1ChannelXValue                     0x08000d11   Thumb Code    18  adc1.o(i.GetADC1ChannelXValue)
    GetMotor1ADCValue                        0x08000d5d   Thumb Code    34  adc1.o(i.GetMotor1ADCValue)
    GetMotor1PreCurrent                      0x08000d85   Thumb Code    64  focconfig.o(i.GetMotor1PreCurrent)
    GetMotor1SVPWMSector                     0x08000dc5   Thumb Code    10  svpwmconfig.o(i.GetMotor1SVPWMSector)
    GetMotor2ADCValue                        0x08000dd5   Thumb Code    34  adc1.o(i.GetMotor2ADCValue)
    GetMotor2PreCurrent                      0x08000dfd   Thumb Code    64  focconfig.o(i.GetMotor2PreCurrent)
    GetMotor2SVPWMSector                     0x08000e3d   Thumb Code    10  svpwmconfig.o(i.GetMotor2SVPWMSector)
    GetSVPWMSector                           0x08000e4d   Thumb Code     8  svpwm.o(i.GetSVPWMSector)
    GetVectorDuration                        0x08000e55   Thumb Code   646  svpwm.o(i.GetVectorDuration)
    HAL_ADC_ConfigChannel                    0x080010e5   Thumb Code   380  stm32f4xx_hal_adc.o(i.HAL_ADC_ConfigChannel)
    HAL_ADC_ConvCpltCallback                 0x08001271   Thumb Code     2  stm32f4xx_hal_adc.o(i.HAL_ADC_ConvCpltCallback)
    HAL_ADC_ConvHalfCpltCallback             0x08001273   Thumb Code     2  stm32f4xx_hal_adc.o(i.HAL_ADC_ConvHalfCpltCallback)
    HAL_ADC_ErrorCallback                    0x08001275   Thumb Code     2  stm32f4xx_hal_adc.o(i.HAL_ADC_ErrorCallback)
    HAL_ADC_Init                             0x08001279   Thumb Code   100  stm32f4xx_hal_adc.o(i.HAL_ADC_Init)
    HAL_ADC_MspInit                          0x080012e1   Thumb Code   178  adc.o(i.HAL_ADC_MspInit)
    HAL_ADC_Start_DMA                        0x080013a9   Thumb Code   352  stm32f4xx_hal_adc.o(i.HAL_ADC_Start_DMA)
    HAL_CAN_Init                             0x0800152d   Thumb Code   372  stm32f4xx_hal_can.o(i.HAL_CAN_Init)
    HAL_CAN_MspInit                          0x080016a1   Thumb Code   124  can.o(i.HAL_CAN_MspInit)
    HAL_DMA_Abort_IT                         0x08001729   Thumb Code    40  stm32f4xx_hal_dma.o(i.HAL_DMA_Abort_IT)
    HAL_DMA_IRQHandler                       0x08001751   Thumb Code   570  stm32f4xx_hal_dma.o(i.HAL_DMA_IRQHandler)
    HAL_DMA_Init                             0x08001991   Thumb Code   232  stm32f4xx_hal_dma.o(i.HAL_DMA_Init)
    HAL_DMA_Start_IT                         0x08001a7d   Thumb Code   146  stm32f4xx_hal_dma.o(i.HAL_DMA_Start_IT)
    HAL_GPIO_Init                            0x08001b11   Thumb Code   466  stm32f4xx_hal_gpio.o(i.HAL_GPIO_Init)
    HAL_GPIO_WritePin                        0x08001d11   Thumb Code    12  stm32f4xx_hal_gpio.o(i.HAL_GPIO_WritePin)
    HAL_GetTick                              0x08001d1d   Thumb Code     6  stm32f4xx_hal.o(i.HAL_GetTick)
    HAL_GetTickFreq                          0x08001d29   Thumb Code     6  stm32f4xx_hal.o(i.HAL_GetTickFreq)
    HAL_IncTick                              0x08001d35   Thumb Code    16  stm32f4xx_hal.o(i.HAL_IncTick)
    HAL_Init                                 0x08001d4d   Thumb Code    54  stm32f4xx_hal.o(i.HAL_Init)
    HAL_InitTick                             0x08001d89   Thumb Code    64  stm32f4xx_hal.o(i.HAL_InitTick)
    HAL_MspInit                              0x08001dd5   Thumb Code    68  stm32f4xx_hal_msp.o(i.HAL_MspInit)
    HAL_NVIC_EnableIRQ                       0x08001e1d   Thumb Code    32  stm32f4xx_hal_cortex.o(i.HAL_NVIC_EnableIRQ)
    HAL_NVIC_SetPriority                     0x08001e3d   Thumb Code   124  stm32f4xx_hal_cortex.o(i.HAL_NVIC_SetPriority)
    HAL_NVIC_SetPriorityGrouping             0x08001eb9   Thumb Code    32  stm32f4xx_hal_cortex.o(i.HAL_NVIC_SetPriorityGrouping)
    HAL_RCC_ClockConfig                      0x08001ee1   Thumb Code   368  stm32f4xx_hal_rcc.o(i.HAL_RCC_ClockConfig)
    HAL_RCC_GetHCLKFreq                      0x08002065   Thumb Code     6  stm32f4xx_hal_rcc.o(i.HAL_RCC_GetHCLKFreq)
    HAL_RCC_GetPCLK1Freq                     0x08002071   Thumb Code    22  stm32f4xx_hal_rcc.o(i.HAL_RCC_GetPCLK1Freq)
    HAL_RCC_GetPCLK2Freq                     0x08002091   Thumb Code    22  stm32f4xx_hal_rcc.o(i.HAL_RCC_GetPCLK2Freq)
    HAL_RCC_GetSysClockFreq                  0x080020b1   Thumb Code   162  stm32f4xx_hal_rcc.o(i.HAL_RCC_GetSysClockFreq)
    HAL_RCC_OscConfig                        0x08002161   Thumb Code  1152  stm32f4xx_hal_rcc.o(i.HAL_RCC_OscConfig)
    HAL_SPI_Init                             0x080025e9   Thumb Code   140  stm32f4xx_hal_spi.o(i.HAL_SPI_Init)
    HAL_SPI_MspInit                          0x08002675   Thumb Code   234  spi.o(i.HAL_SPI_MspInit)
    HAL_SPI_Receive                          0x08002771   Thumb Code   356  stm32f4xx_hal_spi.o(i.HAL_SPI_Receive)
    HAL_SPI_Transmit                         0x080028d5   Thumb Code   418  stm32f4xx_hal_spi.o(i.HAL_SPI_Transmit)
    HAL_SPI_TransmitReceive                  0x08002a77   Thumb Code   554  stm32f4xx_hal_spi.o(i.HAL_SPI_TransmitReceive)
    HAL_SYSTICK_Config                       0x08002ca1   Thumb Code    52  stm32f4xx_hal_cortex.o(i.HAL_SYSTICK_Config)
    HAL_TIMEx_BreakCallback                  0x08002cd5   Thumb Code     2  stm32f4xx_hal_tim_ex.o(i.HAL_TIMEx_BreakCallback)
    HAL_TIMEx_CommutCallback                 0x08002cd7   Thumb Code     2  stm32f4xx_hal_tim_ex.o(i.HAL_TIMEx_CommutCallback)
    HAL_TIMEx_MasterConfigSynchronization    0x08002cd9   Thumb Code   150  stm32f4xx_hal_tim_ex.o(i.HAL_TIMEx_MasterConfigSynchronization)
    HAL_TIM_Base_Start_IT                    0x08002d8d   Thumb Code    42  stm32f4xx_hal_tim.o(i.HAL_TIM_Base_Start_IT)
    HAL_TIM_IC_CaptureCallback               0x08002db7   Thumb Code     2  stm32f4xx_hal_tim.o(i.HAL_TIM_IC_CaptureCallback)
    HAL_TIM_IRQHandler                       0x08002db9   Thumb Code   406  stm32f4xx_hal_tim.o(i.HAL_TIM_IRQHandler)
    HAL_TIM_MspPostInit                      0x08002f51   Thumb Code   222  tim.o(i.HAL_TIM_MspPostInit)
    HAL_TIM_OC_DelayElapsedCallback          0x0800304d   Thumb Code     2  stm32f4xx_hal_tim.o(i.HAL_TIM_OC_DelayElapsedCallback)
    HAL_TIM_PWM_ConfigChannel                0x0800304f   Thumb Code   264  stm32f4xx_hal_tim.o(i.HAL_TIM_PWM_ConfigChannel)
    HAL_TIM_PWM_Init                         0x08003157   Thumb Code    52  stm32f4xx_hal_tim.o(i.HAL_TIM_PWM_Init)
    HAL_TIM_PWM_MspInit                      0x0800318d   Thumb Code   120  tim.o(i.HAL_TIM_PWM_MspInit)
    HAL_TIM_PWM_PulseFinishedCallback        0x08003211   Thumb Code     2  stm32f4xx_hal_tim.o(i.HAL_TIM_PWM_PulseFinishedCallback)
    HAL_TIM_PWM_Start                        0x08003215   Thumb Code    80  stm32f4xx_hal_tim.o(i.HAL_TIM_PWM_Start)
    HAL_TIM_PeriodElapsedCallback            0x0800326d   Thumb Code    28  stm32f4xx_it.o(i.HAL_TIM_PeriodElapsedCallback)
    HAL_TIM_TriggerCallback                  0x08003291   Thumb Code     2  stm32f4xx_hal_tim.o(i.HAL_TIM_TriggerCallback)
    HAL_UART_ErrorCallback                   0x08003293   Thumb Code     2  stm32f4xx_hal_uart.o(i.HAL_UART_ErrorCallback)
    HAL_UART_IRQHandler                      0x08003295   Thumb Code   336  stm32f4xx_hal_uart.o(i.HAL_UART_IRQHandler)
    HAL_UART_Init                            0x080033e9   Thumb Code   114  stm32f4xx_hal_uart.o(i.HAL_UART_Init)
    HAL_UART_MspInit                         0x0800345d   Thumb Code   140  usart.o(i.HAL_UART_MspInit)
    HAL_UART_RxCpltCallback                  0x080034f5   Thumb Code     2  stm32f4xx_hal_uart.o(i.HAL_UART_RxCpltCallback)
    HAL_UART_TxCpltCallback                  0x080034f7   Thumb Code     2  stm32f4xx_hal_uart.o(i.HAL_UART_TxCpltCallback)
    HardFault_Handler                        0x080034f9   Thumb Code     4  stm32f4xx_it.o(i.HardFault_Handler)
    LEDConfigSetSysLedStatus                 0x080034fd   Thumb Code    30  ledconfig.o(i.LEDConfigSetSysLedStatus)
    LEDConfig_Init                           0x08003521   Thumb Code    14  ledconfig.o(i.LEDConfig_Init)
    LEDConfig_Loop                           0x08003531   Thumb Code    10  ledconfig.o(i.LEDConfig_Loop)
    LEDRunCycle                              0x08003541   Thumb Code    70  ledcontrol.o(i.LEDRunCycle)
    LEDToggle                                0x08003591   Thumb Code    24  ledcontrol.o(i.LEDToggle)
    MCUDriverMain_Init                       0x080035a9   Thumb Code    16  mcudrivermain.o(i.MCUDriverMain_Init)
    MCUDriverMain_Loop                       0x080035b9   Thumb Code     2  mcudrivermain.o(i.MCUDriverMain_Loop)
    MX_ADC1_Init                             0x080035bd   Thumb Code   212  adc.o(i.MX_ADC1_Init)
    MX_CAN1_Init                             0x0800369d   Thumb Code    60  can.o(i.MX_CAN1_Init)
    MX_DMA_Init                              0x080036e1   Thumb Code    52  dma.o(i.MX_DMA_Init)
    MX_GPIO_Init                             0x08003719   Thumb Code   266  gpio.o(i.MX_GPIO_Init)
    MX_SPI1_Init                             0x08003831   Thumb Code    66  spi.o(i.MX_SPI1_Init)
    MX_SPI2_Init                             0x0800387d   Thumb Code    66  spi.o(i.MX_SPI2_Init)
    MX_TIM3_Init                             0x080038c9   Thumb Code   150  tim.o(i.MX_TIM3_Init)
    MX_TIM4_Init                             0x08003969   Thumb Code   150  tim.o(i.MX_TIM4_Init)
    MX_USART1_UART_Init                      0x08003a09   Thumb Code    46  usart.o(i.MX_USART1_UART_Init)
    MemManage_Handler                        0x08003a41   Thumb Code     4  stm32f4xx_it.o(i.MemManage_Handler)
    Motor1SvpwmGenerate                      0x08003a45   Thumb Code    34  svpwmconfig.o(i.Motor1SvpwmGenerate)
    Motor2SvpwmGenerate                      0x08003a6d   Thumb Code    34  svpwmconfig.o(i.Motor2SvpwmGenerate)
    NMI_Handler                              0x08003a95   Thumb Code     2  stm32f4xx_it.o(i.NMI_Handler)
    PendSV_Handler                           0x08003b67   Thumb Code     2  stm32f4xx_it.o(i.PendSV_Handler)
    PerDriverMain_Init                       0x08003b69   Thumb Code    12  perdrivermain.o(i.PerDriverMain_Init)
    PerDriverMain_Loop                       0x08003b75   Thumb Code    12  perdrivermain.o(i.PerDriverMain_Loop)
    ProtocolMain_Init                        0x08003b81   Thumb Code     2  protocolmain.o(i.ProtocolMain_Init)
    ProtocolMain_Loop                        0x08003b83   Thumb Code     2  protocolmain.o(i.ProtocolMain_Loop)
    ReadMotor1Angel                          0x08003b85   Thumb Code    10  tle5012bconfig.o(i.ReadMotor1Angel)
    ReadMotor2Angel                          0x08003b95   Thumb Code    10  tle5012bconfig.o(i.ReadMotor2Angel)
    ReadSPI1Data                             0x08003ba5   Thumb Code    22  spi1.o(i.ReadSPI1Data)
    ReadSPI2Data                             0x08003bc1   Thumb Code    22  spi2.o(i.ReadSPI2Data)
    ReadTLE5012BAngle                        0x08003bdd   Thumb Code   126  tle5012b.o(i.ReadTLE5012BAngle)
    SVC_Handler                              0x08003e0d   Thumb Code     2  stm32f4xx_it.o(i.SVC_Handler)
    SetCurrentPIDParams                      0x08003e0f   Thumb Code    34  foc.o(i.SetCurrentPIDParams)
    SetCurrentPIDTar                         0x08003e31   Thumb Code    10  foc.o(i.SetCurrentPIDTar)
    SetFocEnable                             0x08003e3b   Thumb Code     4  foc.o(i.SetFocEnable)
    SetLEDFlashing                           0x08003e3f   Thumb Code    10  ledcontrol.o(i.SetLEDFlashing)
    SetLEDOFF                                0x08003e49   Thumb Code    26  ledcontrol.o(i.SetLEDOFF)
    SetLEDON                                 0x08003e63   Thumb Code    16  ledcontrol.o(i.SetLEDON)
    SetLedLeave                              0x08003e75   Thumb Code    16  ledgpio.o(i.SetLedLeave)
    SetLedStatus                             0x08003e89   Thumb Code    62  ledcontrol.o(i.SetLedStatus)
    SetMotor1Enable                          0x08003ec9   Thumb Code    18  motorgpio.o(i.SetMotor1Enable)
    SetMotor2Enable                          0x08003ee1   Thumb Code    16  motorgpio.o(i.SetMotor2Enable)
    SetSPI1CS1                               0x08003ef5   Thumb Code    18  spi1.o(i.SetSPI1CS1)
    SetSPI2CS1                               0x08003f0d   Thumb Code    16  spi2.o(i.SetSPI2CS1)
    SetTIM3Channel1HighLeaveTime_us          0x08003f21   Thumb Code    68  tim3.o(i.SetTIM3Channel1HighLeaveTime_us)
    SetTIM3Channel2HighLeaveTime_us          0x08003f79   Thumb Code    68  tim3.o(i.SetTIM3Channel2HighLeaveTime_us)
    SetTIM3Channel3HighLeaveTime_us          0x08003fd1   Thumb Code    68  tim3.o(i.SetTIM3Channel3HighLeaveTime_us)
    SetTIM4Channel1HighLeaveTime_us          0x08004029   Thumb Code    68  tim4.o(i.SetTIM4Channel1HighLeaveTime_us)
    SetTIM4Channel2HighLeaveTime_us          0x08004081   Thumb Code    68  tim4.o(i.SetTIM4Channel2HighLeaveTime_us)
    SetTIM4Channel3HighLeaveTime_us          0x080040d9   Thumb Code    68  tim4.o(i.SetTIM4Channel3HighLeaveTime_us)
    SvpwmContorol                            0x08004131   Thumb Code    48  svpwm.o(i.SvpwmContorol)
    SvpwmGenerate                            0x08004161   Thumb Code   288  svpwm.o(i.SvpwmGenerate)
    SvpwmSectorJudgment                      0x08004281   Thumb Code   210  svpwm.o(i.SvpwmSectorJudgment)
    SysTick_Handler                          0x08004359   Thumb Code    38  stm32f4xx_it.o(i.SysTick_Handler)
    SystemClock_Config                       0x0800438d   Thumb Code   170  main.o(i.SystemClock_Config)
    SystemInit                               0x08004441   Thumb Code    24  system_stm32f4xx.o(i.SystemInit)
    TIM3_IRQHandler                          0x0800445d   Thumb Code    10  stm32f4xx_it.o(i.TIM3_IRQHandler)
    TIM3_Init                                0x0800446d   Thumb Code    72  tim3.o(i.TIM3_Init)
    TIM4_IRQHandler                          0x080044bd   Thumb Code    10  stm32f4xx_it.o(i.TIM4_IRQHandler)
    TIM4_Init                                0x080044cd   Thumb Code    72  tim4.o(i.TIM4_Init)
    TIM_Base_SetConfig                       0x0800451d   Thumb Code   170  stm32f4xx_hal_tim.o(i.TIM_Base_SetConfig)
    TIM_CCxChannelCmd                        0x080045f5   Thumb Code    34  stm32f4xx_hal_tim.o(i.TIM_CCxChannelCmd)
    TIM_OC2_SetConfig                        0x08004689   Thumb Code   114  stm32f4xx_hal_tim.o(i.TIM_OC2_SetConfig)
    USART1_IRQHandler                        0x08004d1d   Thumb Code    10  stm32f4xx_it.o(i.USART1_IRQHandler)
    UsageFault_Handler                       0x08004d2d   Thumb Code     4  stm32f4xx_it.o(i.UsageFault_Handler)
    WriteSPI1Data                            0x08004d31   Thumb Code    18  spi1.o(i.WriteSPI1Data)
    WriteSPI2Data                            0x08004d49   Thumb Code    18  spi2.o(i.WriteSPI2Data)
    __hardfp_fabs                            0x08004d99   Thumb Code    20  fabs.o(i.__hardfp_fabs)
    __scatterload_copy                       0x08004dad   Thumb Code    14  handlers.o(i.__scatterload_copy)
    __scatterload_null                       0x08004dbb   Thumb Code     2  handlers.o(i.__scatterload_null)
    __scatterload_zeroinit                   0x08004dbd   Thumb Code    14  handlers.o(i.__scatterload_zeroinit)
    arm_cos_f32                              0x08004dcd   Thumb Code   132  arm_cos_f32.o(i.arm_cos_f32)
    arm_sin_f32                              0x08004e5d   Thumb Code   158  arm_sin_f32.o(i.arm_sin_f32)
    main                                     0x08004f0d   Thumb Code    56  main.o(i.main)
    rt_hw_us_delay                           0x08004f45   Thumb Code    52  timer.o(i.rt_hw_us_delay)
    AHBPrescTable                            0x08004f80   Data          16  system_stm32f4xx.o(.constdata)
    APBPrescTable                            0x08004f90   Data           8  system_stm32f4xx.o(.constdata)
    sinTable_f32                             0x08004f98   Data        2052  arm_common_tables.o(.constdata)
    Region$$Table$$Base                      0x0800579c   Number         0  anon$$obj.o(Region$$Table)
    Region$$Table$$Limit                     0x080057bc   Number         0  anon$$obj.o(Region$$Table)
    uwTick                                   0x20000000   Data           4  stm32f4xx_hal.o(.data)
    uwTickPrio                               0x20000004   Data           4  stm32f4xx_hal.o(.data)
    uwTickFreq                               0x20000008   Data           1  stm32f4xx_hal.o(.data)
    SystemCoreClock                          0x2000000c   Data           4  system_stm32f4xx.o(.data)
    gMS_TimeCNT                              0x20000010   Data           4  timer.o(.data)
    gMotor1FOC                               0x20000014   Data         156  focconfig.o(.data)
    gMotor2FOC                               0x200000b0   Data         156  focconfig.o(.data)
    gSysLed                                  0x20000154   Data          20  ledconfig.o(.data)
    motor1Angle                              0x20000168   Data           4  svpwmconfig.o(.data)
    motor2Angle                              0x2000016c   Data           4  svpwmconfig.o(.data)
    gMotor1                                  0x20000170   Data          76  svpwmconfig.o(.data)
    gMotor2                                  0x200001bc   Data          76  svpwmconfig.o(.data)
    gMorot1Encoder                           0x20000218   Data          20  tle5012bconfig.o(.data)
    gMorot2Encoder                           0x2000022c   Data          20  tle5012bconfig.o(.data)
    gFoc_TimeCNT                             0x20000240   Data           4  foc.o(.data)
    gLED_TimeCNT                             0x20000244   Data           4  ledcontrol.o(.data)
    hadc1                                    0x20000248   Data          72  adc.o(.bss)
    hdma_adc1                                0x20000290   Data          96  adc.o(.bss)
    hcan1                                    0x200002f0   Data          40  can.o(.bss)
    hspi1                                    0x20000318   Data          88  spi.o(.bss)
    hspi2                                    0x20000370   Data          88  spi.o(.bss)
    htim3                                    0x200003c8   Data          64  tim.o(.bss)
    htim4                                    0x20000408   Data          64  tim.o(.bss)
    huart1                                   0x20000448   Data          64  usart.o(.bss)
    gADC1                                    0x20000488   Data          48  adc1.o(.bss)
    __initial_sp                             0x200008b8   Data           0  startup_stm32f407xx.o(STACK)



==============================================================================

Memory Map of the image

  Image Entry point : 0x08000189

  Load Region LR_IROM1 (Base: 0x08000000, Size: 0x00005a04, Max: 0x00080000, ABSOLUTE, COMPRESSED[0x0000583c])

    Execution Region ER_IROM1 (Exec base: 0x08000000, Load base: 0x08000000, Size: 0x000057bc, Max: 0x00080000, ABSOLUTE)

    Exec Addr    Load Addr    Size         Type   Attr      Idx    E Section Name        Object

    0x08000000   0x08000000   0x00000188   Data   RO            3    RESET               startup_stm32f407xx.o
    0x08000188   0x08000188   0x00000000   Code   RO         5186  * .ARM.Collect$$$$00000000  mc_w.l(entry.o)
    0x08000188   0x08000188   0x00000004   Code   RO         5207    .ARM.Collect$$$$00000001  mc_w.l(entry2.o)
    0x0800018c   0x0800018c   0x00000004   Code   RO         5210    .ARM.Collect$$$$00000004  mc_w.l(entry5.o)
    0x08000190   0x08000190   0x00000000   Code   RO         5212    .ARM.Collect$$$$00000008  mc_w.l(entry7b.o)
    0x08000190   0x08000190   0x00000000   Code   RO         5214    .ARM.Collect$$$$0000000A  mc_w.l(entry8b.o)
    0x08000190   0x08000190   0x00000008   Code   RO         5215    .ARM.Collect$$$$0000000B  mc_w.l(entry9a.o)
    0x08000198   0x08000198   0x00000000   Code   RO         5217    .ARM.Collect$$$$0000000D  mc_w.l(entry10a.o)
    0x08000198   0x08000198   0x00000000   Code   RO         5219    .ARM.Collect$$$$0000000F  mc_w.l(entry11a.o)
    0x08000198   0x08000198   0x00000004   Code   RO         5208    .ARM.Collect$$$$00002712  mc_w.l(entry2.o)
    0x0800019c   0x0800019c   0x00000024   Code   RO            4    .text               startup_stm32f407xx.o
    0x080001c0   0x080001c0   0x00000062   Code   RO         5189    .text               mc_w.l(uldiv.o)
    0x08000222   0x08000222   0x00000024   Code   RO         5193    .text               mc_w.l(memseta.o)
    0x08000246   0x08000246   0x00000026   Code   RO         5199    .text               mf_w.l(f2d.o)
    0x0800026c   0x0800026c   0x00000030   Code   RO         5201    .text               mf_w.l(cdcmple.o)
    0x0800029c   0x0800029c   0x00000030   Code   RO         5203    .text               mf_w.l(cdrcmple.o)
    0x080002cc   0x080002cc   0x00000038   Code   RO         5205    .text               mf_w.l(d2f.o)
    0x08000304   0x08000304   0x0000001e   Code   RO         5221    .text               mc_w.l(llshl.o)
    0x08000322   0x08000322   0x00000020   Code   RO         5223    .text               mc_w.l(llushr.o)
    0x08000342   0x08000342   0x00000000   Code   RO         5225    .text               mc_w.l(iusefp.o)
    0x08000342   0x08000342   0x0000006e   Code   RO         5226    .text               mf_w.l(fepilogue.o)
    0x080003b0   0x080003b0   0x00000024   Code   RO         5228    .text               mc_w.l(init.o)
    0x080003d4   0x080003d4   0x00000056   Code   RO         5238    .text               mc_w.l(__dczerorl2.o)
    0x0800042a   0x0800042a   0x00000002   PAD
    0x0800042c   0x0800042c   0x00000018   Code   RO         4095    i.ADC1_Init         adc1.o
    0x08000444   0x08000444   0x0000007e   Code   RO          676    i.ADC_DMAConvCplt   stm32f4xx_hal_adc.o
    0x080004c2   0x080004c2   0x0000001a   Code   RO          677    i.ADC_DMAError      stm32f4xx_hal_adc.o
    0x080004dc   0x080004dc   0x0000000e   Code   RO          678    i.ADC_DMAHalfConvCplt  stm32f4xx_hal_adc.o
    0x080004ea   0x080004ea   0x00000002   PAD
    0x080004ec   0x080004ec   0x00000160   Code   RO          679    i.ADC_Init          stm32f4xx_hal_adc.o
    0x0800064c   0x0800064c   0x00000014   Code   RO         3993    i.APPMain_Init      appmain.o
    0x08000660   0x08000660   0x00000014   Code   RO         3994    i.APPMain_Loop      appmain.o
    0x08000674   0x08000674   0x00000002   Code   RO         4026    i.AngleCalibrationFunc_Init  anglecalibrationfunc.o
    0x08000676   0x08000676   0x00000004   Code   RO          528    i.BusFault_Handler  stm32f4xx_it.o
    0x0800067a   0x0800067a   0x00000002   PAD
    0x0800067c   0x0800067c   0x0000002c   Code   RO         4687    i.ClarkeTransform   foc.o
    0x080006a8   0x080006a8   0x0000015a   Code   RO         4688    i.CurrentPIControlID  foc.o
    0x08000802   0x08000802   0x0000015e   Code   RO         4689    i.CurrentPIControlIQ  foc.o
    0x08000960   0x08000960   0x000000d0   Code   RO         4690    i.CurrentReconstruction  foc.o
    0x08000a30   0x08000a30   0x00000010   Code   RO          529    i.DMA2_Stream0_IRQHandler  stm32f4xx_it.o
    0x08000a40   0x08000a40   0x00000034   Code   RO         1455    i.DMA_CalcBaseAndBitshift  stm32f4xx_hal_dma.o
    0x08000a74   0x08000a74   0x000000aa   Code   RO         1456    i.DMA_CheckFifoParam  stm32f4xx_hal_dma.o
    0x08000b1e   0x08000b1e   0x0000002c   Code   RO         1457    i.DMA_SetConfig     stm32f4xx_hal_dma.o
    0x08000b4a   0x08000b4a   0x00000002   Code   RO          530    i.DebugMon_Handler  stm32f4xx_it.o
    0x08000b4c   0x08000b4c   0x00000002   Code   RO           91    i.Error_Handler     main.o
    0x08000b4e   0x08000b4e   0x00000002   PAD
    0x08000b50   0x08000b50   0x00000078   Code   RO         4511    i.FOCConfig_Init    focconfig.o
    0x08000bc8   0x08000bc8   0x00000098   Code   RO         4512    i.FOCConfig_Loop    focconfig.o
    0x08000c60   0x08000c60   0x00000048   Code   RO         4691    i.FOCCycle          foc.o
    0x08000ca8   0x08000ca8   0x0000005c   Code   RO         4692    i.FocContorl        foc.o
    0x08000d04   0x08000d04   0x00000008   Code   RO         4074    i.FunctionMain_Init  functionmain.o
    0x08000d0c   0x08000d0c   0x00000002   Code   RO         4075    i.FunctionMain_Loop  functionmain.o
    0x08000d0e   0x08000d0e   0x00000002   PAD
    0x08000d10   0x08000d10   0x00000018   Code   RO         4096    i.GetADC1ChannelXValue  adc1.o
    0x08000d28   0x08000d28   0x00000034   Code   RO         4693    i.GetElectricalAngle  foc.o
    0x08000d5c   0x08000d5c   0x00000028   Code   RO         4097    i.GetMotor1ADCValue  adc1.o
    0x08000d84   0x08000d84   0x00000040   Code   RO         4513    i.GetMotor1PreCurrent  focconfig.o
    0x08000dc4   0x08000dc4   0x00000010   Code   RO         4582    i.GetMotor1SVPWMSector  svpwmconfig.o
    0x08000dd4   0x08000dd4   0x00000028   Code   RO         4098    i.GetMotor2ADCValue  adc1.o
    0x08000dfc   0x08000dfc   0x00000040   Code   RO         4514    i.GetMotor2PreCurrent  focconfig.o
    0x08000e3c   0x08000e3c   0x00000010   Code   RO         4585    i.GetMotor2SVPWMSector  svpwmconfig.o
    0x08000e4c   0x08000e4c   0x00000008   Code   RO         4878    i.GetSVPWMSector    svpwm.o
    0x08000e54   0x08000e54   0x00000290   Code   RO         4879    i.GetVectorDuration  svpwm.o
    0x080010e4   0x080010e4   0x0000018c   Code   RO          681    i.HAL_ADC_ConfigChannel  stm32f4xx_hal_adc.o
    0x08001270   0x08001270   0x00000002   Code   RO          682    i.HAL_ADC_ConvCpltCallback  stm32f4xx_hal_adc.o
    0x08001272   0x08001272   0x00000002   Code   RO          683    i.HAL_ADC_ConvHalfCpltCallback  stm32f4xx_hal_adc.o
    0x08001274   0x08001274   0x00000002   Code   RO          685    i.HAL_ADC_ErrorCallback  stm32f4xx_hal_adc.o
    0x08001276   0x08001276   0x00000002   PAD
    0x08001278   0x08001278   0x00000068   Code   RO          690    i.HAL_ADC_Init      stm32f4xx_hal_adc.o
    0x080012e0   0x080012e0   0x000000c8   Code   RO          277    i.HAL_ADC_MspInit   adc.o
    0x080013a8   0x080013a8   0x00000184   Code   RO          697    i.HAL_ADC_Start_DMA  stm32f4xx_hal_adc.o
    0x0800152c   0x0800152c   0x00000174   Code   RO         2147    i.HAL_CAN_Init      stm32f4xx_hal_can.o
    0x080016a0   0x080016a0   0x00000088   Code   RO          319    i.HAL_CAN_MspInit   can.o
    0x08001728   0x08001728   0x00000028   Code   RO         1459    i.HAL_DMA_Abort_IT  stm32f4xx_hal_dma.o
    0x08001750   0x08001750   0x00000240   Code   RO         1463    i.HAL_DMA_IRQHandler  stm32f4xx_hal_dma.o
    0x08001990   0x08001990   0x000000ec   Code   RO         1464    i.HAL_DMA_Init      stm32f4xx_hal_dma.o
    0x08001a7c   0x08001a7c   0x00000092   Code   RO         1468    i.HAL_DMA_Start_IT  stm32f4xx_hal_dma.o
    0x08001b0e   0x08001b0e   0x00000002   PAD
    0x08001b10   0x08001b10   0x00000200   Code   RO         1351    i.HAL_GPIO_Init     stm32f4xx_hal_gpio.o
    0x08001d10   0x08001d10   0x0000000c   Code   RO         1355    i.HAL_GPIO_WritePin  stm32f4xx_hal_gpio.o
    0x08001d1c   0x08001d1c   0x0000000c   Code   RO         1888    i.HAL_GetTick       stm32f4xx_hal.o
    0x08001d28   0x08001d28   0x0000000c   Code   RO         1889    i.HAL_GetTickFreq   stm32f4xx_hal.o
    0x08001d34   0x08001d34   0x00000018   Code   RO         1894    i.HAL_IncTick       stm32f4xx_hal.o
    0x08001d4c   0x08001d4c   0x0000003c   Code   RO         1895    i.HAL_Init          stm32f4xx_hal.o
    0x08001d88   0x08001d88   0x0000004c   Code   RO         1896    i.HAL_InitTick      stm32f4xx_hal.o
    0x08001dd4   0x08001dd4   0x00000048   Code   RO          652    i.HAL_MspInit       stm32f4xx_hal_msp.o
    0x08001e1c   0x08001e1c   0x00000020   Code   RO         1740    i.HAL_NVIC_EnableIRQ  stm32f4xx_hal_cortex.o
    0x08001e3c   0x08001e3c   0x0000007c   Code   RO         1746    i.HAL_NVIC_SetPriority  stm32f4xx_hal_cortex.o
    0x08001eb8   0x08001eb8   0x00000028   Code   RO         1747    i.HAL_NVIC_SetPriorityGrouping  stm32f4xx_hal_cortex.o
    0x08001ee0   0x08001ee0   0x00000184   Code   RO          952    i.HAL_RCC_ClockConfig  stm32f4xx_hal_rcc.o
    0x08002064   0x08002064   0x0000000c   Code   RO          957    i.HAL_RCC_GetHCLKFreq  stm32f4xx_hal_rcc.o
    0x08002070   0x08002070   0x00000020   Code   RO          959    i.HAL_RCC_GetPCLK1Freq  stm32f4xx_hal_rcc.o
    0x08002090   0x08002090   0x00000020   Code   RO          960    i.HAL_RCC_GetPCLK2Freq  stm32f4xx_hal_rcc.o
    0x080020b0   0x080020b0   0x000000b0   Code   RO          961    i.HAL_RCC_GetSysClockFreq  stm32f4xx_hal_rcc.o
    0x08002160   0x08002160   0x00000488   Code   RO          964    i.HAL_RCC_OscConfig  stm32f4xx_hal_rcc.o
    0x080025e8   0x080025e8   0x0000008c   Code   RO         2378    i.HAL_SPI_Init      stm32f4xx_hal_spi.o
    0x08002674   0x08002674   0x000000fc   Code   RO          385    i.HAL_SPI_MspInit   spi.o
    0x08002770   0x08002770   0x00000164   Code   RO         2381    i.HAL_SPI_Receive   stm32f4xx_hal_spi.o
    0x080028d4   0x080028d4   0x000001a2   Code   RO         2386    i.HAL_SPI_Transmit  stm32f4xx_hal_spi.o
    0x08002a76   0x08002a76   0x0000022a   Code   RO         2387    i.HAL_SPI_TransmitReceive  stm32f4xx_hal_spi.o
    0x08002ca0   0x08002ca0   0x00000034   Code   RO         1751    i.HAL_SYSTICK_Config  stm32f4xx_hal_cortex.o
    0x08002cd4   0x08002cd4   0x00000002   Code   RO         3377    i.HAL_TIMEx_BreakCallback  stm32f4xx_hal_tim_ex.o
    0x08002cd6   0x08002cd6   0x00000002   Code   RO         3378    i.HAL_TIMEx_CommutCallback  stm32f4xx_hal_tim_ex.o
    0x08002cd8   0x08002cd8   0x000000b4   Code   RO         3395    i.HAL_TIMEx_MasterConfigSynchronization  stm32f4xx_hal_tim_ex.o
    0x08002d8c   0x08002d8c   0x0000002a   Code   RO         2696    i.HAL_TIM_Base_Start_IT  stm32f4xx_hal_tim.o
    0x08002db6   0x08002db6   0x00000002   Code   RO         2720    i.HAL_TIM_IC_CaptureCallback  stm32f4xx_hal_tim.o
    0x08002db8   0x08002db8   0x00000196   Code   RO         2734    i.HAL_TIM_IRQHandler  stm32f4xx_hal_tim.o
    0x08002f4e   0x08002f4e   0x00000002   PAD
    0x08002f50   0x08002f50   0x000000fc   Code   RO          432    i.HAL_TIM_MspPostInit  tim.o
    0x0800304c   0x0800304c   0x00000002   Code   RO         2737    i.HAL_TIM_OC_DelayElapsedCallback  stm32f4xx_hal_tim.o
    0x0800304e   0x0800304e   0x00000108   Code   RO         2758    i.HAL_TIM_PWM_ConfigChannel  stm32f4xx_hal_tim.o
    0x08003156   0x08003156   0x00000034   Code   RO         2761    i.HAL_TIM_PWM_Init  stm32f4xx_hal_tim.o
    0x0800318a   0x0800318a   0x00000002   PAD
    0x0800318c   0x0800318c   0x00000084   Code   RO          434    i.HAL_TIM_PWM_MspInit  tim.o
    0x08003210   0x08003210   0x00000002   Code   RO         2764    i.HAL_TIM_PWM_PulseFinishedCallback  stm32f4xx_hal_tim.o
    0x08003212   0x08003212   0x00000002   PAD
    0x08003214   0x08003214   0x00000058   Code   RO         2766    i.HAL_TIM_PWM_Start  stm32f4xx_hal_tim.o
    0x0800326c   0x0800326c   0x00000024   Code   RO          531    i.HAL_TIM_PeriodElapsedCallback  stm32f4xx_it.o
    0x08003290   0x08003290   0x00000002   Code   RO         2777    i.HAL_TIM_TriggerCallback  stm32f4xx_hal_tim.o
    0x08003292   0x08003292   0x00000002   Code   RO         3649    i.HAL_UART_ErrorCallback  stm32f4xx_hal_uart.o
    0x08003294   0x08003294   0x00000154   Code   RO         3652    i.HAL_UART_IRQHandler  stm32f4xx_hal_uart.o
    0x080033e8   0x080033e8   0x00000072   Code   RO         3653    i.HAL_UART_Init     stm32f4xx_hal_uart.o
    0x0800345a   0x0800345a   0x00000002   PAD
    0x0800345c   0x0800345c   0x00000098   Code   RO          487    i.HAL_UART_MspInit  usart.o
    0x080034f4   0x080034f4   0x00000002   Code   RO         3659    i.HAL_UART_RxCpltCallback  stm32f4xx_hal_uart.o
    0x080034f6   0x080034f6   0x00000002   Code   RO         3664    i.HAL_UART_TxCpltCallback  stm32f4xx_hal_uart.o
    0x080034f8   0x080034f8   0x00000004   Code   RO          532    i.HardFault_Handler  stm32f4xx_it.o
    0x080034fc   0x080034fc   0x00000024   Code   RO         4552    i.LEDConfigSetSysLedStatus  ledconfig.o
    0x08003520   0x08003520   0x0000000e   Code   RO         4553    i.LEDConfig_Init    ledconfig.o
    0x0800352e   0x0800352e   0x00000002   PAD
    0x08003530   0x08003530   0x00000010   Code   RO         4554    i.LEDConfig_Loop    ledconfig.o
    0x08003540   0x08003540   0x00000050   Code   RO         4776    i.LEDRunCycle       ledcontrol.o
    0x08003590   0x08003590   0x00000018   Code   RO         4777    i.LEDToggle         ledcontrol.o
    0x080035a8   0x080035a8   0x00000010   Code   RO         4181    i.MCUDriverMain_Init  mcudrivermain.o
    0x080035b8   0x080035b8   0x00000002   Code   RO         4182    i.MCUDriverMain_Loop  mcudrivermain.o
    0x080035ba   0x080035ba   0x00000002   PAD
    0x080035bc   0x080035bc   0x000000e0   Code   RO          278    i.MX_ADC1_Init      adc.o
    0x0800369c   0x0800369c   0x00000044   Code   RO          320    i.MX_CAN1_Init      can.o
    0x080036e0   0x080036e0   0x00000038   Code   RO          360    i.MX_DMA_Init       dma.o
    0x08003718   0x08003718   0x00000118   Code   RO          252    i.MX_GPIO_Init      gpio.o
    0x08003830   0x08003830   0x0000004c   Code   RO          386    i.MX_SPI1_Init      spi.o
    0x0800387c   0x0800387c   0x0000004c   Code   RO          387    i.MX_SPI2_Init      spi.o
    0x080038c8   0x080038c8   0x000000a0   Code   RO          435    i.MX_TIM3_Init      tim.o
    0x08003968   0x08003968   0x000000a0   Code   RO          436    i.MX_TIM4_Init      tim.o
    0x08003a08   0x08003a08   0x00000038   Code   RO          488    i.MX_USART1_UART_Init  usart.o
    0x08003a40   0x08003a40   0x00000004   Code   RO          533    i.MemManage_Handler  stm32f4xx_it.o
    0x08003a44   0x08003a44   0x00000028   Code   RO         4588    i.Motor1SvpwmGenerate  svpwmconfig.o
    0x08003a6c   0x08003a6c   0x00000028   Code   RO         4589    i.Motor2SvpwmGenerate  svpwmconfig.o
    0x08003a94   0x08003a94   0x00000002   Code   RO          534    i.NMI_Handler       stm32f4xx_it.o
    0x08003a96   0x08003a96   0x00000066   Code   RO         4694    i.ParkAntiTransform  foc.o
    0x08003afc   0x08003afc   0x0000006a   Code   RO         4695    i.ParkTransform     foc.o
    0x08003b66   0x08003b66   0x00000002   Code   RO          535    i.PendSV_Handler    stm32f4xx_it.o
    0x08003b68   0x08003b68   0x0000000c   Code   RO         4484    i.PerDriverMain_Init  perdrivermain.o
    0x08003b74   0x08003b74   0x0000000c   Code   RO         4485    i.PerDriverMain_Loop  perdrivermain.o
    0x08003b80   0x08003b80   0x00000002   Code   RO         4938    i.ProtocolMain_Init  protocolmain.o
    0x08003b82   0x08003b82   0x00000002   Code   RO         4939    i.ProtocolMain_Loop  protocolmain.o
    0x08003b84   0x08003b84   0x00000010   Code   RO         4660    i.ReadMotor1Angel   tle5012bconfig.o
    0x08003b94   0x08003b94   0x00000010   Code   RO         4661    i.ReadMotor2Angel   tle5012bconfig.o
    0x08003ba4   0x08003ba4   0x0000001c   Code   RO         4447    i.ReadSPI1Data      spi1.o
    0x08003bc0   0x08003bc0   0x0000001c   Code   RO         4232    i.ReadSPI2Data      spi2.o
    0x08003bdc   0x08003bdc   0x00000088   Code   RO         4917    i.ReadTLE5012BAngle  tle5012b.o
    0x08003c64   0x08003c64   0x00000094   Code   RO         2415    i.SPI_EndRxTransaction  stm32f4xx_hal_spi.o
    0x08003cf8   0x08003cf8   0x0000006c   Code   RO         2416    i.SPI_EndRxTxTransaction  stm32f4xx_hal_spi.o
    0x08003d64   0x08003d64   0x000000a8   Code   RO         2421    i.SPI_WaitFlagStateUntilTimeout  stm32f4xx_hal_spi.o
    0x08003e0c   0x08003e0c   0x00000002   Code   RO          536    i.SVC_Handler       stm32f4xx_it.o
    0x08003e0e   0x08003e0e   0x00000022   Code   RO         4696    i.SetCurrentPIDParams  foc.o
    0x08003e30   0x08003e30   0x0000000a   Code   RO         4697    i.SetCurrentPIDTar  foc.o
    0x08003e3a   0x08003e3a   0x00000004   Code   RO         4698    i.SetFocEnable      foc.o
    0x08003e3e   0x08003e3e   0x0000000a   Code   RO         4778    i.SetLEDFlashing    ledcontrol.o
    0x08003e48   0x08003e48   0x0000001a   Code   RO         4779    i.SetLEDOFF         ledcontrol.o
    0x08003e62   0x08003e62   0x00000010   Code   RO         4780    i.SetLEDON          ledcontrol.o
    0x08003e72   0x08003e72   0x00000002   PAD
    0x08003e74   0x08003e74   0x00000014   Code   RO         4152    i.SetLedLeave       ledgpio.o
    0x08003e88   0x08003e88   0x0000003e   Code   RO         4781    i.SetLedStatus      ledcontrol.o
    0x08003ec6   0x08003ec6   0x00000002   PAD
    0x08003ec8   0x08003ec8   0x00000018   Code   RO         4202    i.SetMotor1Enable   motorgpio.o
    0x08003ee0   0x08003ee0   0x00000014   Code   RO         4203    i.SetMotor2Enable   motorgpio.o
    0x08003ef4   0x08003ef4   0x00000018   Code   RO         4448    i.SetSPI1CS1        spi1.o
    0x08003f0c   0x08003f0c   0x00000014   Code   RO         4233    i.SetSPI2CS1        spi2.o
    0x08003f20   0x08003f20   0x00000058   Code   RO         4272    i.SetTIM3Channel1HighLeaveTime_us  tim3.o
    0x08003f78   0x08003f78   0x00000058   Code   RO         4273    i.SetTIM3Channel2HighLeaveTime_us  tim3.o
    0x08003fd0   0x08003fd0   0x00000058   Code   RO         4274    i.SetTIM3Channel3HighLeaveTime_us  tim3.o
    0x08004028   0x08004028   0x00000058   Code   RO         4315    i.SetTIM4Channel1HighLeaveTime_us  tim4.o
    0x08004080   0x08004080   0x00000058   Code   RO         4316    i.SetTIM4Channel2HighLeaveTime_us  tim4.o
    0x080040d8   0x080040d8   0x00000058   Code   RO         4317    i.SetTIM4Channel3HighLeaveTime_us  tim4.o
    0x08004130   0x08004130   0x00000030   Code   RO         4880    i.SvpwmContorol     svpwm.o
    0x08004160   0x08004160   0x00000120   Code   RO         4881    i.SvpwmGenerate     svpwm.o
    0x08004280   0x08004280   0x000000d8   Code   RO         4882    i.SvpwmSectorJudgment  svpwm.o
    0x08004358   0x08004358   0x00000034   Code   RO          537    i.SysTick_Handler   stm32f4xx_it.o
    0x0800438c   0x0800438c   0x000000b4   Code   RO           92    i.SystemClock_Config  main.o
    0x08004440   0x08004440   0x0000001c   Code   RO         3960    i.SystemInit        system_stm32f4xx.o
    0x0800445c   0x0800445c   0x00000010   Code   RO          538    i.TIM3_IRQHandler   stm32f4xx_it.o
    0x0800446c   0x0800446c   0x00000050   Code   RO         4275    i.TIM3_Init         tim3.o
    0x080044bc   0x080044bc   0x00000010   Code   RO          539    i.TIM4_IRQHandler   stm32f4xx_it.o
    0x080044cc   0x080044cc   0x00000050   Code   RO         4318    i.TIM4_Init         tim4.o
    0x0800451c   0x0800451c   0x000000d8   Code   RO         2779    i.TIM_Base_SetConfig  stm32f4xx_hal_tim.o
    0x080045f4   0x080045f4   0x00000022   Code   RO         2780    i.TIM_CCxChannelCmd  stm32f4xx_hal_tim.o
    0x08004616   0x08004616   0x00000002   PAD
    0x08004618   0x08004618   0x00000070   Code   RO         2792    i.TIM_OC1_SetConfig  stm32f4xx_hal_tim.o
    0x08004688   0x08004688   0x0000007c   Code   RO         2793    i.TIM_OC2_SetConfig  stm32f4xx_hal_tim.o
    0x08004704   0x08004704   0x00000078   Code   RO         2794    i.TIM_OC3_SetConfig  stm32f4xx_hal_tim.o
    0x0800477c   0x0800477c   0x00000054   Code   RO         2795    i.TIM_OC4_SetConfig  stm32f4xx_hal_tim.o
    0x080047d0   0x080047d0   0x00000014   Code   RO         3666    i.UART_DMAAbortOnError  stm32f4xx_hal_uart.o
    0x080047e4   0x080047e4   0x00000020   Code   RO         3676    i.UART_EndRxTransfer  stm32f4xx_hal_uart.o
    0x08004804   0x08004804   0x00000020   Code   RO         3677    i.UART_EndTransmit_IT  stm32f4xx_hal_uart.o
    0x08004824   0x08004824   0x000000a6   Code   RO         3679    i.UART_Receive_IT   stm32f4xx_hal_uart.o
    0x080048ca   0x080048ca   0x00000002   PAD
    0x080048cc   0x080048cc   0x000003e8   Code   RO         3680    i.UART_SetConfig    stm32f4xx_hal_uart.o
    0x08004cb4   0x08004cb4   0x00000068   Code   RO         3681    i.UART_Transmit_IT  stm32f4xx_hal_uart.o
    0x08004d1c   0x08004d1c   0x00000010   Code   RO          540    i.USART1_IRQHandler  stm32f4xx_it.o
    0x08004d2c   0x08004d2c   0x00000004   Code   RO          541    i.UsageFault_Handler  stm32f4xx_it.o
    0x08004d30   0x08004d30   0x00000018   Code   RO         4449    i.WriteSPI1Data     spi1.o
    0x08004d48   0x08004d48   0x00000018   Code   RO         4234    i.WriteSPI2Data     spi2.o
    0x08004d60   0x08004d60   0x00000010   Code   RO         1753    i.__NVIC_GetPriorityGrouping  stm32f4xx_hal_cortex.o
    0x08004d70   0x08004d70   0x00000028   Code   RO         1754    i.__NVIC_SetPriority  stm32f4xx_hal_cortex.o
    0x08004d98   0x08004d98   0x00000014   Code   RO         5180    i.__hardfp_fabs     m_wm.l(fabs.o)
    0x08004dac   0x08004dac   0x0000000e   Code   RO         5232    i.__scatterload_copy  mc_w.l(handlers.o)
    0x08004dba   0x08004dba   0x00000002   Code   RO         5233    i.__scatterload_null  mc_w.l(handlers.o)
    0x08004dbc   0x08004dbc   0x0000000e   Code   RO         5234    i.__scatterload_zeroinit  mc_w.l(handlers.o)
    0x08004dca   0x08004dca   0x00000002   PAD
    0x08004dcc   0x08004dcc   0x00000090   Code   RO           13    i.arm_cos_f32       arm_cos_f32.o
    0x08004e5c   0x08004e5c   0x000000b0   Code   RO           67    i.arm_sin_f32       arm_sin_f32.o
    0x08004f0c   0x08004f0c   0x00000038   Code   RO           93    i.main              main.o
    0x08004f44   0x08004f44   0x00000034   Code   RO         4358    i.rt_hw_us_delay    timer.o
    0x08004f78   0x08004f78   0x00000008   Data   RO         1470    .constdata          stm32f4xx_hal_dma.o
    0x08004f80   0x08004f80   0x00000018   Data   RO         3961    .constdata          system_stm32f4xx.o
    0x08004f98   0x08004f98   0x00000804   Data   RO         5135    .constdata          arm_cortexM4lf_math.lib(arm_common_tables.o)
    0x0800579c   0x0800579c   0x00000020   Data   RO         5230    Region$$Table       anon$$obj.o


    Execution Region RW_IRAM2 (Exec base: 0x10000000, Load base: 0x0800583c, Size: 0x00000000, Max: 0x00010000, ABSOLUTE)

    **** No section assigned to this execution region ****


    Execution Region RW_IRAM1 (Exec base: 0x20000000, Load base: 0x080057bc, Size: 0x000008b8, Max: 0x00020000, ABSOLUTE, COMPRESSED[0x00000080])

    Exec Addr    Load Addr    Size         Type   Attr      Idx    E Section Name        Object

    0x20000000   COMPRESSED   0x00000009   Data   RW         1902    .data               stm32f4xx_hal.o
    0x20000009   COMPRESSED   0x00000003   PAD
    0x2000000c   COMPRESSED   0x00000004   Data   RW         3962    .data               system_stm32f4xx.o
    0x20000010   COMPRESSED   0x00000004   Data   RW         4359    .data               timer.o
    0x20000014   COMPRESSED   0x00000140   Data   RW         4515    .data               focconfig.o
    0x20000154   COMPRESSED   0x00000014   Data   RW         4555    .data               ledconfig.o
    0x20000168   COMPRESSED   0x000000b0   Data   RW         4591    .data               svpwmconfig.o
    0x20000218   COMPRESSED   0x00000028   Data   RW         4662    .data               tle5012bconfig.o
    0x20000240   COMPRESSED   0x00000004   Data   RW         4699    .data               foc.o
    0x20000244   COMPRESSED   0x00000004   Data   RW         4782    .data               ledcontrol.o
    0x20000248        -       0x000000a8   Zero   RW          279    .bss                adc.o
    0x200002f0        -       0x00000028   Zero   RW          321    .bss                can.o
    0x20000318        -       0x000000b0   Zero   RW          388    .bss                spi.o
    0x200003c8        -       0x00000080   Zero   RW          437    .bss                tim.o
    0x20000448        -       0x00000040   Zero   RW          489    .bss                usart.o
    0x20000488        -       0x00000030   Zero   RW         4099    .bss                adc1.o
    0x200004b8        -       0x00000400   Zero   RW            1    STACK               startup_stm32f407xx.o


==============================================================================

Image component sizes


      Code (inc. data)   RO Data    RW Data    ZI Data      Debug   Object Name

       424         34          0          0        168       1863   adc.o
       128         28          0          0         48       2691   adc1.o
         2          0          0          0          0        496   anglecalibrationfunc.o
        40          0          0          0          0        958   appmain.o
       144         12          0          0          0      18666   arm_cos_f32.o
       176         18          0          0          0        962   arm_sin_f32.o
       204         20          0          0         40       1625   can.o
        56          4          0          0          0        742   dma.o
      1420         40          0          4          0       8906   foc.o
       400         68          0        320          0       4525   focconfig.o
        10          0          0          0          0        956   functionmain.o
       280         14          0          0          0       1011   gpio.o
        66         12          0         20          0       1891   ledconfig.o
       218         10          0          4          0       4812   ledcontrol.o
        20          4          0          0          0        526   ledgpio.o
       238         10          0          0          0     713500   main.o
        18          0          0          0          0        982   mcudrivermain.o
        44         10          0          0          0       1084   motorgpio.o
        24          0          0          0          0       1042   perdrivermain.o
         4          0          0          0          0        928   protocolmain.o
       404         38          0          0        176       2298   spi.o
        76         18          0          0          0       1520   spi1.o
        72         16          0          0          0       1520   spi2.o
        36          8        392          0       1024        824   startup_stm32f407xx.o
       184         38          0          9          0       9211   stm32f4xx_hal.o
      1412         64          0          0          0       7233   stm32f4xx_hal_adc.o
       372          0          0          0          0       1303   stm32f4xx_hal_can.o
       304         22          0          0          0      34387   stm32f4xx_hal_cortex.o
      1264         16          8          0          0       6114   stm32f4xx_hal_dma.o
       524         46          0          0          0       2280   stm32f4xx_hal_gpio.o
        72          4          0          0          0        834   stm32f4xx_hal_msp.o
      1800         84          0          0          0       5536   stm32f4xx_hal_rcc.o
      1892          8          0          0          0       7658   stm32f4xx_hal_spi.o
      1550         90          0          0          0      10858   stm32f4xx_hal_tim.o
       184         30          0          0          0       2453   stm32f4xx_hal_tim_ex.o
      1814         12          0          0          0       7751   stm32f4xx_hal_uart.o
       176         46          0          0          0       8130   stm32f4xx_it.o
      1216         40          0          0          0       3227   svpwm.o
       112         24          0        176          0       5904   svpwmconfig.o
        28          4         24          4          0       1123   system_stm32f4xx.o
       704         62          0          0        128       3200   tim.o
       344         68          0          0          0       2222   tim3.o
       344         68          0          0          0       2222   tim4.o
        52          0          0          4          0        767   timer.o
       136         10          0          0          0        704   tle5012b.o
        32         12          0         40          0       2120   tle5012bconfig.o
       208         22          0          0         64       1658   usart.o

    ----------------------------------------------------------------------
     19260       1134        456        584       1648     901223   Object Totals
         0          0         32          0          0          0   (incl. Generated)
        32          0          0          3          0          0   (incl. Padding)

    ----------------------------------------------------------------------

      Code (inc. data)   RO Data    RW Data    ZI Data      Debug   Library Member Name

         0          0       2052          0          0      21128   arm_common_tables.o
        20          0          0          0          0        124   fabs.o
        86          0          0          0          0          0   __dczerorl2.o
         0          0          0          0          0          0   entry.o
         0          0          0          0          0          0   entry10a.o
         0          0          0          0          0          0   entry11a.o
         8          4          0          0          0          0   entry2.o
         4          0          0          0          0          0   entry5.o
         0          0          0          0          0          0   entry7b.o
         0          0          0          0          0          0   entry8b.o
         8          4          0          0          0          0   entry9a.o
        30          0          0          0          0          0   handlers.o
        36          8          0          0          0         68   init.o
         0          0          0          0          0          0   iusefp.o
        30          0          0          0          0         68   llshl.o
        32          0          0          0          0         68   llushr.o
        36          0          0          0          0        108   memseta.o
        98          0          0          0          0         92   uldiv.o
        48          0          0          0          0         68   cdcmple.o
        48          0          0          0          0         68   cdrcmple.o
        56          0          0          0          0         88   d2f.o
        38          0          0          0          0         68   f2d.o
       110          0          0          0          0        168   fepilogue.o

    ----------------------------------------------------------------------
       692         16       2052          0          0      22116   Library Totals
         4          0          0          0          0          0   (incl. Padding)

    ----------------------------------------------------------------------

      Code (inc. data)   RO Data    RW Data    ZI Data      Debug   Library Name

         0          0       2052          0          0      21128   arm_cortexM4lf_math.lib
        20          0          0          0          0        124   m_wm.l
       368         16          0          0          0        404   mc_w.l
       300          0          0          0          0        460   mf_w.l

    ----------------------------------------------------------------------
       692         16       2052          0          0      22116   Library Totals

    ----------------------------------------------------------------------

==============================================================================


      Code (inc. data)   RO Data    RW Data    ZI Data      Debug   

     19952       1150       2508        584       1648     906711   Grand Totals
     19952       1150       2508        128       1648     906711   ELF Image Totals (compressed)
     19952       1150       2508        128          0          0   ROM Totals

==============================================================================

    Total RO  Size (Code + RO Data)                22460 (  21.93kB)
    Total RW  Size (RW Data + ZI Data)              2232 (   2.18kB)
    Total ROM Size (Code + RO Data + RW Data)      22588 (  22.06kB)

==============================================================================

